Archive member included to satisfy reference by file (symbol)

/opt/st/stm32cubeide_1.4.0/plugins/com.st.stm32cube.ide.mcu.externaltools.gnu-tools-for-stm32.7-2018-q2-update.linux64_1.4.0.202007081208/tools/bin/../lib/gcc/arm-none-eabi/7.3.1/../../../../arm-none-eabi/lib/thumb/v7-m/libstdc++_nano.a(pure.o)
                              Core/Src/Entity.o (__cxa_pure_virtual)
/opt/st/stm32cubeide_1.4.0/plugins/com.st.stm32cube.ide.mcu.externaltools.gnu-tools-for-stm32.7-2018-q2-update.linux64_1.4.0.202007081208/tools/bin/../lib/gcc/arm-none-eabi/7.3.1/../../../../arm-none-eabi/lib/thumb/v7-m/libstdc++_nano.a(del_ops.o)
                              Core/Src/Controller.o (operator delete(void*, unsigned int))
/opt/st/stm32cubeide_1.4.0/plugins/com.st.stm32cube.ide.mcu.externaltools.gnu-tools-for-stm32.7-2018-q2-update.linux64_1.4.0.202007081208/tools/bin/../lib/gcc/arm-none-eabi/7.3.1/../../../../arm-none-eabi/lib/thumb/v7-m/libstdc++_nano.a(new_op.o)
                              Core/Src/Controller.o (operator new(unsigned int))
/opt/st/stm32cubeide_1.4.0/plugins/com.st.stm32cube.ide.mcu.externaltools.gnu-tools-for-stm32.7-2018-q2-update.linux64_1.4.0.202007081208/tools/bin/../lib/gcc/arm-none-eabi/7.3.1/../../../../arm-none-eabi/lib/thumb/v7-m/libstdc++_nano.a(new_handler.o)
                              /opt/st/stm32cubeide_1.4.0/plugins/com.st.stm32cube.ide.mcu.externaltools.gnu-tools-for-stm32.7-2018-q2-update.linux64_1.4.0.202007081208/tools/bin/../lib/gcc/arm-none-eabi/7.3.1/../../../../arm-none-eabi/lib/thumb/v7-m/libstdc++_nano.a(new_op.o) (std::get_new_handler())
/opt/st/stm32cubeide_1.4.0/plugins/com.st.stm32cube.ide.mcu.externaltools.gnu-tools-for-stm32.7-2018-q2-update.linux64_1.4.0.202007081208/tools/bin/../lib/gcc/arm-none-eabi/7.3.1/../../../../arm-none-eabi/lib/thumb/v7-m/libstdc++_nano.a(del_op.o)
                              Core/Src/Controller.o (operator delete(void*))
/opt/st/stm32cubeide_1.4.0/plugins/com.st.stm32cube.ide.mcu.externaltools.gnu-tools-for-stm32.7-2018-q2-update.linux64_1.4.0.202007081208/tools/bin/../lib/gcc/arm-none-eabi/7.3.1/../../../../arm-none-eabi/lib/thumb/v7-m/libstdc++_nano.a(eh_terminate.o)
                              /opt/st/stm32cubeide_1.4.0/plugins/com.st.stm32cube.ide.mcu.externaltools.gnu-tools-for-stm32.7-2018-q2-update.linux64_1.4.0.202007081208/tools/bin/../lib/gcc/arm-none-eabi/7.3.1/../../../../arm-none-eabi/lib/thumb/v7-m/libstdc++_nano.a(pure.o) (std::terminate())
/opt/st/stm32cubeide_1.4.0/plugins/com.st.stm32cube.ide.mcu.externaltools.gnu-tools-for-stm32.7-2018-q2-update.linux64_1.4.0.202007081208/tools/bin/../lib/gcc/arm-none-eabi/7.3.1/../../../../arm-none-eabi/lib/thumb/v7-m/libstdc++_nano.a(allocator-inst.o)
                              Core/Src/Controller.o (std::allocator<char>::allocator())
/opt/st/stm32cubeide_1.4.0/plugins/com.st.stm32cube.ide.mcu.externaltools.gnu-tools-for-stm32.7-2018-q2-update.linux64_1.4.0.202007081208/tools/bin/../lib/gcc/arm-none-eabi/7.3.1/../../../../arm-none-eabi/lib/thumb/v7-m/libstdc++_nano.a(functexcept.o)
                              Core/Src/Controller.o (std::__throw_bad_alloc())
/opt/st/stm32cubeide_1.4.0/plugins/com.st.stm32cube.ide.mcu.externaltools.gnu-tools-for-stm32.7-2018-q2-update.linux64_1.4.0.202007081208/tools/bin/../lib/gcc/arm-none-eabi/7.3.1/../../../../arm-none-eabi/lib/thumb/v7-m/libstdc++_nano.a(string-inst.o)
                              Core/Src/Controller.o (std::__cxx11::basic_string<char, std::char_traits<char>, std::allocator<char> >::_M_data(char*))
/opt/st/stm32cubeide_1.4.0/plugins/com.st.stm32cube.ide.mcu.externaltools.gnu-tools-for-stm32.7-2018-q2-update.linux64_1.4.0.202007081208/tools/bin/../lib/gcc/arm-none-eabi/7.3.1/../../../../arm-none-eabi/lib/thumb/v7-m/libstdc++_nano.a(eh_unex_handler.o)
                              /opt/st/stm32cubeide_1.4.0/plugins/com.st.stm32cube.ide.mcu.externaltools.gnu-tools-for-stm32.7-2018-q2-update.linux64_1.4.0.202007081208/tools/bin/../lib/gcc/arm-none-eabi/7.3.1/../../../../arm-none-eabi/lib/thumb/v7-m/libstdc++_nano.a(eh_terminate.o) (__cxxabiv1::__unexpected_handler)
/opt/st/stm32cubeide_1.4.0/plugins/com.st.stm32cube.ide.mcu.externaltools.gnu-tools-for-stm32.7-2018-q2-update.linux64_1.4.0.202007081208/tools/bin/../lib/gcc/arm-none-eabi/7.3.1/../../../../arm-none-eabi/lib/thumb/v7-m/libstdc++_nano.a(eh_term_handler.o)
                              /opt/st/stm32cubeide_1.4.0/plugins/com.st.stm32cube.ide.mcu.externaltools.gnu-tools-for-stm32.7-2018-q2-update.linux64_1.4.0.202007081208/tools/bin/../lib/gcc/arm-none-eabi/7.3.1/../../../../arm-none-eabi/lib/thumb/v7-m/libstdc++_nano.a(eh_terminate.o) (__cxxabiv1::__terminate_handler)
/opt/st/stm32cubeide_1.4.0/plugins/com.st.stm32cube.ide.mcu.externaltools.gnu-tools-for-stm32.7-2018-q2-update.linux64_1.4.0.202007081208/tools/bin/../lib/gcc/arm-none-eabi/7.3.1/../../../../arm-none-eabi/lib/thumb/v7-m/libstdc++_nano.a(snprintf_lite.o)
[...]
Memory Configuration

Name             Origin             Length             Attributes
RAM              0x0000000020000000 0x0000000000005000 xrw
FLASH            0x0000000008000000 0x0000000000010000 xr
*default*        0x0000000000000000 0xffffffffffffffff

Linker script and memory map

LOAD /opt/st/stm32cubeide_1.4.0/plugins/com.st.stm32cube.ide.mcu.externaltools.gnu-tools-for-stm32.7-2018-q2-update.linux64_1.4.0.202007081208/tools/bin/../lib/gcc/arm-none-eabi/7.3.1/thumb/v7-m/crti.o
LOAD /opt/st/stm32cubeide_1.4.0/plugins/com.st.stm32cube.ide.mcu.externaltools.gnu-tools-for-stm32.7-2018-q2-update.linux64_1.4.0.202007081208/tools/bin/../lib/gcc/arm-none-eabi/7.3.1/thumb/v7-m/crtbegin.o
LOAD /opt/st/stm32cubeide_1.4.0/plugins/com.st.stm32cube.ide.mcu.externaltools.gnu-tools-for-stm32.7-2018-q2-update.linux64_1.4.0.202007081208/tools/bin/../lib/gcc/arm-none-eabi/7.3.1/../../../../arm-none-eabi/lib/thumb/v7-m/crt0.o
LOAD Core/Src/Controller.o
LOAD Core/Src/Display.o
LOAD Core/Src/Entity.o
LOAD Core/Src/Food.o
LOAD Core/Src/Game.o
LOAD Core/Src/Map.o
LOAD Core/Src/Snake.o
LOAD Core/Src/Teste.o
LOAD Core/Src/freertos.o
LOAD Core/Src/main.o
LOAD Core/Src/node.o
LOAD Core/Src/stm32f1xx_hal_msp.o
LOAD Core/Src/stm32f1xx_hal_timebase_tim.o
LOAD Core/Src/stm32f1xx_it.o
LOAD Core/Src/syscalls.o
LOAD Core/Src/sysmem.o
LOAD Core/Src/system_stm32f1xx.o
LOAD Core/Src/user_5110.o
LOAD Core/Startup/startup_stm32f103c8tx.o
LOAD Drivers/STM32F1xx_HAL_Driver/Src/stm32f1xx_hal.o
LOAD Drivers/STM32F1xx_HAL_Driver/Src/stm32f1xx_hal_adc.o
LOAD Drivers/STM32F1xx_HAL_Driver/Src/stm32f1xx_hal_adc_ex.o
LOAD Drivers/STM32F1xx_HAL_Driver/Src/stm32f1xx_hal_cortex.o
LOAD Drivers/STM32F1xx_HAL_Driver/Src/stm32f1xx_hal_dma.o
LOAD Drivers/STM32F1xx_HAL_Driver/Src/stm32f1xx_hal_exti.o
LOAD Drivers/STM32F1xx_HAL_Driver/Src/stm32f1xx_hal_flash.o
LOAD Drivers/STM32F1xx_HAL_Driver/Src/stm32f1xx_hal_flash_ex.o
LOAD Drivers/STM32F1xx_HAL_Driver/Src/stm32f1xx_hal_gpio.o
LOAD Drivers/STM32F1xx_HAL_Driver/Src/stm32f1xx_hal_gpio_ex.o
LOAD Drivers/STM32F1xx_HAL_Driver/Src/stm32f1xx_hal_pwr.o
LOAD Drivers/STM32F1xx_HAL_Driver/Src/stm32f1xx_hal_rcc.o
LOAD Drivers/STM32F1xx_HAL_Driver/Src/stm32f1xx_hal_rcc_ex.o
LOAD Drivers/STM32F1xx_HAL_Driver/Src/stm32f1xx_hal_spi.o
LOAD Drivers/STM32F1xx_HAL_Driver/Src/stm32f1xx_hal_tim.o
LOAD Drivers/STM32F1xx_HAL_Driver/Src/stm32f1xx_hal_tim_ex.o
LOAD Middlewares/Third_Party/FreeRTOS/Source/CMSIS_RTOS/cmsis_os.o
LOAD Middlewares/Third_Party/FreeRTOS/Source/croutine.o
LOAD Middlewares/Third_Party/FreeRTOS/Source/event_groups.o
LOAD Middlewares/Third_Party/FreeRTOS/Source/list.o
LOAD Middlewares/Third_Party/FreeRTOS/Source/queue.o
LOAD Middlewares/Third_Party/FreeRTOS/Source/stream_buffer.o
LOAD Middlewares/Third_Party/FreeRTOS/Source/tasks.o
LOAD Middlewares/Third_Party/FreeRTOS/Source/timers.o
LOAD Middlewares/Third_Party/FreeRTOS/Source/portable/GCC/ARM_CM3/port.o
LOAD Middlewares/Third_Party/FreeRTOS/Source/portable/MemMang/heap_4.o
START GROUP
LOAD /opt/st/stm32cubeide_1.4.0/plugins/com.st.stm32cube.ide.mcu.externaltools.gnu-tools-for-stm32.7-2018-q2-update.linux64_1.4.0.202007081208/tools/bin/../lib/gcc/arm-none-eabi/7.3.1/../../../../arm-none-eabi/lib/thumb/v7-m/libstdc++_nano.a
LOAD /opt/st/stm32cubeide_1.4.0/plugins/com.st.stm32cube.ide.mcu.externaltools.gnu-tools-for-stm32.7-2018-q2-update.linux64_1.4.0.202007081208/tools/bin/../lib/gcc/arm-none-eabi/7.3.1/../../../../arm-none-eabi/lib/thumb/v7-m/libsupc++_nano.a
END GROUP
LOAD /opt/st/stm32cubeide_1.4.0/plugins/com.st.stm32cube.ide.mcu.externaltools.gnu-tools-for-stm32.7-2018-q2-update.linux64_1.4.0.202007081208/tools/bin/../lib/gcc/arm-none-eabi/7.3.1/../../../../arm-none-eabi/lib/thumb/v7-m/libstdc++_nano.a
LOAD /opt/st/stm32cubeide_1.4.0/plugins/com.st.stm32cube.ide.mcu.externaltools.gnu-tools-for-stm32.7-2018-q2-update.linux64_1.4.0.202007081208/tools/bin/../lib/gcc/arm-none-eabi/7.3.1/../../../../arm-none-eabi/lib/thumb/v7-m/libm.a
LOAD /opt/st/stm32cubeide_1.4.0/plugins/com.st.stm32cube.ide.mcu.externaltools.gnu-tools-for-stm32.7-2018-q2-update.linux64_1.4.0.202007081208/tools/bin/../lib/gcc/arm-none-eabi/7.3.1/../../../../arm-none-eabi/lib/thumb/v7-m/libc_nano.a
START GROUP
LOAD /opt/st/stm32cubeide_1.4.0/plugins/com.st.stm32cube.ide.mcu.externaltools.gnu-tools-for-stm32.7-2018-q2-update.linux64_1.4.0.202007081208/tools/bin/../lib/gcc/arm-none-eabi/7.3.1/thumb/v7-m/libgcc.a
LOAD /opt/st/stm32cubeide_1.4.0/plugins/com.st.stm32cube.ide.mcu.externaltools.gnu-tools-for-stm32.7-2018-q2-update.linux64_1.4.0.202007081208/tools/bin/../lib/gcc/arm-none-eabi/7.3.1/../../../../arm-none-eabi/lib/thumb/v7-m/libc_nano.a
END GROUP
START GROUP
LOAD /opt/st/stm32cubeide_1.4.0/plugins/com.st.stm32cube.ide.mcu.externaltools.gnu-tools-for-stm32.7-2018-q2-update.linux64_1.4.0.202007081208/tools/bin/../lib/gcc/arm-none-eabi/7.3.1/thumb/v7-m/libgcc.a
LOAD /opt/st/stm32cubeide_1.4.0/plugins/com.st.stm32cube.ide.mcu.externaltools.gnu-tools-for-stm32.7-2018-q2-update.linux64_1.4.0.202007081208/tools/bin/../lib/gcc/arm-none-eabi/7.3.1/../../../../arm-none-eabi/lib/thumb/v7-m/libc_nano.a
LOAD /opt/st/stm32cubeide_1.4.0/plugins/com.st.stm32cube.ide.mcu.externaltools.gnu-tools-for-stm32.7-2018-q2-update.linux64_1.4.0.202007081208/tools/bin/../lib/gcc/arm-none-eabi/7.3.1/../../../../arm-none-eabi/lib/thumb/v7-m/libnosys.a
END GROUP
START GROUP
LOAD /opt/st/stm32cubeide_1.4.0/plugins/com.st.stm32cube.ide.mcu.externaltools.gnu-tools-for-stm32.7-2018-q2-update.linux64_1.4.0.202007081208/tools/bin/../lib/gcc/arm-none-eabi/7.3.1/thumb/v7-m/libgcc.a
LOAD /opt/st/stm32cubeide_1.4.0/plugins/com.st.stm32cube.ide.mcu.externaltools.gnu-tools-for-stm32.7-2018-q2-update.linux64_1.4.0.202007081208/tools/bin/../lib/gcc/arm-none-eabi/7.3.1/../../../../arm-none-eabi/lib/thumb/v7-m/libc_nano.a
LOAD /opt/st/stm32cubeide_1.4.0/plugins/com.st.stm32cube.ide.mcu.externaltools.gnu-tools-for-stm32.7-2018-q2-update.linux64_1.4.0.202007081208/tools/bin/../lib/gcc/arm-none-eabi/7.3.1/../../../../arm-none-eabi/lib/thumb/v7-m/libnosys.a
END GROUP
LOAD /opt/st/stm32cubeide_1.4.0/plugins/com.st.stm32cube.ide.mcu.externaltools.gnu-tools-for-stm32.7-2018-q2-update.linux64_1.4.0.202007081208/tools/bin/../lib/gcc/arm-none-eabi/7.3.1/thumb/v7-m/crtend.o
LOAD /opt/st/stm32cubeide_1.4.0/plugins/com.st.stm32cube.ide.mcu.externaltools.gnu-tools-for-stm32.7-2018-q2-update.linux64_1.4.0.202007081208/tools/bin/../lib/gcc/arm-none-eabi/7.3.1/thumb/v7-m/crtn.o
                0x0000000020005000                _estack = (ORIGIN (RAM) + LENGTH (RAM))
                0x0000000000000200                _Min_Heap_Size = 0x200
                0x0000000000000400                _Min_Stack_Size = 0x400

.isr_vector     0x0000000008000000      0x10c
                0x0000000008000000                . = ALIGN (0x4)
 *(.isr_vector)
 .isr_vector    0x0000000008000000      0x10c Core/Startup/startup_stm32f103c8tx.o
                0x0000000008000000                g_pfnVectors
                0x000000000800010c                . = ALIGN (0x4)

.text           0x0000000008000110     0x8ca0
                0x0000000008000110                . = ALIGN (0x4)
 *(.text)
 .text          0x0000000008000110       0x40 /opt/st/stm32cubeide_1.4.0/plugins/com.st.stm32cube.ide.mcu.externaltools.gnu-tools-for-stm32.7-2018-q2-update.linux64_1.4.0.202007081208/tools/bin/../lib/gcc/arm-none-eabi/7.3.1/thumb/v7-m/crtbegin.o
 .text          0x0000000008000150       0x10 /opt/st/stm32cubeide_1.4.0/plugins/com.st.stm32cube.ide.mcu.externaltools.gnu-tools-for-stm32.7-2018-q2-update.linux64_1.4.0.202007081208/tools/bin/../lib/gcc/arm-none-eabi/7.3.1/../../../../arm-none-eabi/lib/thumb/v7-m/libc_nano.a(lib_a-strlen.o)
                0x0000000008000150                strlen
 .text          0x0000000008000160      0x378 /opt/st/stm32cubeide_1.4.0/plugins/com.st.stm32cube.ide.mcu.externaltools.gnu-tools-for-stm32.7-2018-q2-update.linux64_1.4.0.202007081208/tools/bin/../lib/gcc/arm-none-eabi/7.3.1/thumb/v7-m/libgcc.a(_arm_addsubdf3.o)
                0x0000000008000160                __aeabi_drsub
                0x0000000008000168                __aeabi_dsub
                0x0000000008000168                __subdf3
                0x000000000800016c                __adddf3
                0x000000000800016c                __aeabi_dadd
                0x00000000080003e4                __aeabi_ui2d
                0x00000000080003e4                __floatunsidf
                0x0000000008000404                __floatsidf
                0x0000000008000404                __aeabi_i2d
                0x0000000008000428                __extendsfdf2
                0x0000000008000428                __aeabi_f2d
                0x000000000800046c                __aeabi_ul2d
                0x000000000800046c                __floatundidf
                0x000000000800047c                __floatdidf
                0x000000000800047c                __aeabi_l2d
 .text          0x00000000080004d8      0x424 /opt/st/stm32cubeide_1.4.0/plugins/com.st.stm32cube.ide.mcu.externaltools.gnu-tools-for-stm32.7-2018-q2-update.linux64_1.4.0.202007081208/tools/bin/../lib/gcc/arm-none-eabi/7.3.1/thumb/v7-m/libgcc.a(_arm_muldivdf3.o)
                0x00000000080004d8                __aeabi_dmul
                0x00000000080004d8                __muldf3
                0x000000000800072c                __aeabi_ddiv
                0x000000000800072c                __divdf3
 .text          0x00000000080008fc      0x110 /opt/st/stm32cubeide_1.4.0/plugins/com.st.stm32cube.ide.mcu.externaltools.gnu-tools-for-stm32.7-2018-q2-update.linux64_1.4.0.202007081208/tools/bin/../lib/gcc/arm-none-eabi/7.3.1/thumb/v7-m/libgcc.a(_arm_cmpdf2.o)
                0x00000000080008fc                __gtdf2
                0x00000000080008fc                __gedf2
                0x0000000008000904                __ltdf2
                0x0000000008000904                __ledf2
                0x000000000800090c                __cmpdf2
                0x000000000800090c                __eqdf2
                0x000000000800090c                __nedf2
                0x0000000008000988                __aeabi_cdrcmple
                0x0000000008000998                __aeabi_cdcmple
                0x0000000008000998                __aeabi_cdcmpeq
                0x00000000080009a8                __aeabi_dcmpeq
                0x00000000080009bc                __aeabi_dcmplt
                0x00000000080009d0                __aeabi_dcmple
                0x00000000080009e4                __aeabi_dcmpge
                0x00000000080009f8                __aeabi_dcmpgt
 .text          0x0000000008000a0c       0x50 /opt/st/stm32cubeide_1.4.0/plugins/com.st.stm32cube.ide.mcu.externaltools.gnu-tools-for-stm32.7-2018-q2-update.linux64_1.4.0.202007081208/tools/bin/../lib/gcc/arm-none-eabi/7.3.1/thumb/v7-m/libgcc.a(_arm_fixdfsi.o)
                0x0000000008000a0c                __fixdfsi
                0x0000000008000a0c                __aeabi_d2iz
 .text          0x0000000008000a5c       0xa0 /opt/st/stm32cubeide_1.4.0/plugins/com.st.stm32cube.ide.mcu.externaltools.gnu-tools-for-stm32.7-2018-q2-update.linux64_1.4.0.202007081208/tools/bin/../lib/gcc/arm-none-eabi/7.3.1/thumb/v7-m/libgcc.a(_arm_truncdfsf2.o)
                0x0000000008000a5c                __aeabi_d2f
                0x0000000008000a5c                __truncdfsf2
 .text          0x0000000008000afc      0x21c /opt/st/stm32cubeide_1.4.0/plugins/com.st.stm32cube.ide.mcu.externaltools.gnu-tools-for-stm32.7-2018-q2-update.linux64_1.4.0.202007081208/tools/bin/../lib/gcc/arm-none-eabi/7.3.1/thumb/v7-m/libgcc.a(_arm_addsubsf3.o)
                0x0000000008000afc                __aeabi_frsub
                0x0000000008000b04                __subsf3
                0x0000000008000b04                __aeabi_fsub
                0x0000000008000b08                __aeabi_fadd
                0x0000000008000b08                __addsf3
                0x0000000008000c68                __aeabi_ui2f
                0x0000000008000c68                __floatunsisf
                0x0000000008000c70                __aeabi_i2f
                0x0000000008000c70                __floatsisf
                0x0000000008000c8c                __floatundisf
                0x0000000008000c8c                __aeabi_ul2f
                0x0000000008000c9c                __floatdisf
                0x0000000008000c9c                __aeabi_l2f
 .text          0x0000000008000d18       0xec /opt/st/stm32cubeide_1.4.0/plugins/com.st.stm32cube.ide.mcu.externaltools.gnu-tools-for-stm32.7-2018-q2-update.linux64_1.4.0.202007081208/tools/bin/../lib/gcc/arm-none-eabi/7.3.1/thumb/v7-m/libgcc.a(_arm_cmpsf2.o)
                0x0000000008000d18                __gtsf2
                0x0000000008000d18                __gesf2
                0x0000000008000d20                __lesf2
                0x0000000008000d20                __ltsf2
                0x0000000008000d28                __nesf2
                0x0000000008000d28                __eqsf2
                0x0000000008000d28                __cmpsf2
                0x0000000008000d88                __aeabi_cfrcmple
                0x0000000008000d90                __aeabi_cfcmple
                0x0000000008000d90                __aeabi_cfcmpeq
                0x0000000008000da0                __aeabi_fcmpeq
                0x0000000008000db4                __aeabi_fcmplt
                0x0000000008000dc8                __aeabi_fcmple
                0x0000000008000ddc                __aeabi_fcmpge
                0x0000000008000df0                __aeabi_fcmpgt
 *(.text*)
 .text._ZN10Controller6atlValEv
                0x0000000008000e04       0xb4 Core/Src/Controller.o
                0x0000000008000e04                Controller::atlVal()
 .text._ZN10Controller6adReadEP19__ADC_HandleTypeDef
                0x0000000008000eb8       0x38 Core/Src/Controller.o
                0x0000000008000eb8                Controller::adRead(__ADC_HandleTypeDef*)
 .text._ZN10Controller6getDirEv
                0x0000000008000ef0       0x7c Core/Src/Controller.o
                0x0000000008000ef0                Controller::getDir()
 .text._ZNSaIPbEC2Ev
                0x0000000008000f6c       0x18 Core/Src/Controller.o
                0x0000000008000f6c                std::allocator<bool*>::allocator()
                0x0000000008000f6c                std::allocator<bool*>::allocator()
 .text._ZNSaIPbED2Ev
                0x0000000008000f84       0x18 Core/Src/Controller.o
                0x0000000008000f84                std::allocator<bool*>::~allocator()
                0x0000000008000f84                std::allocator<bool*>::~allocator()
 .text._ZNKSt16initializer_listIPbE5beginEv
                0x0000000008000f9c       0x16 Core/Src/Controller.o
                0x0000000008000f9c                std::initializer_list<bool*>::begin() const
 .text._ZNKSt16initializer_listIPbE3endEv
                0x0000000008000fb2       0x24 Core/Src/Controller.o
                0x0000000008000fb2                std::initializer_list<bool*>::end() const
 .text._ZNSt6vectorIPbSaIS0_EEC2ESt16initializer_listIS0_ERKS1_
                0x0000000008000fd6       0x42 Core/Src/Controller.o
                0x0000000008000fd6                std::vector<bool*, std::allocator<bool*> >::vector(std::initializer_list<bool*>, std::allocator<bool*> const&)
                0x0000000008000fd6                std::vector<bool*, std::allocator<bool*> >::vector(std::initializer_list<bool*>, std::allocator<bool*> const&)
 .text._ZNSt6vectorIPbSaIS0_EED2Ev
                0x0000000008001018       0x36 Core/Src/Controller.o
                0x0000000008001018                std::vector<bool*, std::allocator<bool*> >::~vector()
                0x0000000008001018                std::vector<bool*, std::allocator<bool*> >::~vector()
 .text._ZNKSt6vectorIPbSaIS0_EE4sizeEv
                0x000000000800104e       0x20 Core/Src/Controller.o
                0x000000000800104e                std::vector<bool*, std::allocator<bool*> >::size() const
 .text._ZNSt6vectorIPbSaIS0_EEixEj
                0x000000000800106e       0x1e Core/Src/Controller.o
                0x000000000800106e                std::vector<bool*, std::allocator<bool*> >::operator[](unsigned int)
 .text._ZN9__gnu_cxx13new_allocatorIPbEC2Ev
                0x000000000800108c       0x14 Core/Src/Controller.o
                0x000000000800108c                __gnu_cxx::new_allocator<bool*>::new_allocator()
                0x000000000800108c                __gnu_cxx::new_allocator<bool*>::new_allocator()
 .text._ZN9__gnu_cxx13new_allocatorIPbED2Ev
                0x00000000080010a0       0x14 Core/Src/Controller.o
                0x00000000080010a0                __gnu_cxx::new_allocator<bool*>::~new_allocator()
                0x00000000080010a0                __gnu_cxx::new_allocator<bool*>::~new_allocator()
 .text._ZNSt12_Vector_baseIPbSaIS0_EE12_Vector_implD2Ev
                0x00000000080010b4       0x18 Core/Src/Controller.o
                0x00000000080010b4                std::_Vector_base<bool*, std::allocator<bool*> >::_Vector_impl::~_Vector_impl()
                0x00000000080010b4                std::_Vector_base<bool*, std::allocator<bool*> >::_Vector_impl::~_Vector_impl()
 .text._ZNSt12_Vector_baseIPbSaIS0_EEC2ERKS1_
                0x00000000080010cc       0x1e Core/Src/Controller.o
                0x00000000080010cc                std::_Vector_base<bool*, std::allocator<bool*> >::_Vector_base(std::allocator<bool*> const&)
                0x00000000080010cc                std::_Vector_base<bool*, std::allocator<bool*> >::_Vector_base(std::allocator<bool*> const&)
 .text._ZNSt12_Vector_baseIPbSaIS0_EED2Ev
                0x00000000080010ea       0x34 Core/Src/Controller.o
                0x00000000080010ea                std::_Vector_base<bool*, std::allocator<bool*> >::~_Vector_base()
                0x00000000080010ea                std::_Vector_base<bool*, std::allocator<bool*> >::~_Vector_base()
 .text._ZNKSt16initializer_listIPbE4sizeEv
                0x000000000800111e       0x16 Core/Src/Controller.o
                0x000000000800111e                std::initializer_list<bool*>::size() const
 .text._ZNSt6vectorIPbSaIS0_EE19_M_range_initializeIPKS0_EEvT_S6_St20forward_iterator_tag
                0x0000000008001134       0x5e Core/Src/Controller.o
                0x0000000008001134                void std::vector<bool*, std::allocator<bool*> >::_M_range_initialize<bool* const*>(bool* const*, bool* const*, std::forward_iterator_tag)
 .text._ZNSt12_Vector_baseIPbSaIS0_EE19_M_get_Tp_allocatorEv
                0x0000000008001192       0x14 Core/Src/Controller.o
                0x0000000008001192                std::_Vector_base<bool*, std::allocator<bool*> >::_M_get_Tp_allocator()
 .text._ZSt8_DestroyIPPbS0_EvT_S2_RSaIT0_E
                0x00000000080011a6       0x1c Core/Src/Controller.o
                0x00000000080011a6                void std::_Destroy<bool**, bool*>(bool**, bool**, std::allocator<bool*>&)
 .text._ZNSt12_Vector_baseIPbSaIS0_EE12_Vector_implC2ERKS1_
                0x00000000080011c2       0x2e Core/Src/Controller.o
                0x00000000080011c2                std::_Vector_base<bool*, std::allocator<bool*> >::_Vector_impl::_Vector_impl(std::allocator<bool*> const&)
                0x00000000080011c2                std::_Vector_base<bool*, std::allocator<bool*> >::_Vector_impl::_Vector_impl(std::allocator<bool*> const&)
 .text._ZNSt12_Vector_baseIPbSaIS0_EE13_M_deallocateEPS0_j
                0x00000000080011f0       0x26 Core/Src/Controller.o
                0x00000000080011f0                std::_Vector_base<bool*, std::allocator<bool*> >::_M_deallocate(bool**, unsigned int)
 .text._ZSt19__iterator_categoryIPKPbENSt15iterator_traitsIT_E17iterator_categoryERKS4_
                0x0000000008001216       0x12 Core/Src/Controller.o
                0x0000000008001216                std::iterator_traits<bool* const*>::iterator_category std::__iterator_category<bool* const*>(bool* const* const&)
 .text._ZSt8distanceIPKPbENSt15iterator_traitsIT_E15difference_typeES4_S4_
                0x0000000008001228       0x28 Core/Src/Controller.o
                0x0000000008001228                std::iterator_traits<bool* const*>::difference_type std::distance<bool* const*>(bool* const*, bool* const*)
 .text._ZNSt12_Vector_baseIPbSaIS0_EE11_M_allocateEj
                0x0000000008001250       0x28 Core/Src/Controller.o
                0x0000000008001250                std::_Vector_base<bool*, std::allocator<bool*> >::_M_allocate(unsigned int)
 .text._ZSt22__uninitialized_copy_aIPKPbPS0_S0_ET0_T_S5_S4_RSaIT1_E
                0x0000000008001278       0x22 Core/Src/Controller.o
                0x0000000008001278                bool** std::__uninitialized_copy_a<bool* const*, bool**, bool*>(bool* const*, bool* const*, bool**, std::allocator<bool*>&)
 .text._ZSt8_DestroyIPPbEvT_S2_
                0x000000000800129a       0x1a Core/Src/Controller.o
                0x000000000800129a                void std::_Destroy<bool**>(bool**, bool**)
 .text._ZNSaIPbEC2ERKS0_
                0x00000000080012b4       0x1c Core/Src/Controller.o
                0x00000000080012b4                std::allocator<bool*>::allocator(std::allocator<bool*> const&)
                0x00000000080012b4                std::allocator<bool*>::allocator(std::allocator<bool*> const&)
 .text._ZNSt16allocator_traitsISaIPbEE10deallocateERS1_PS0_j
                0x00000000080012d0       0x1e Core/Src/Controller.o
                0x00000000080012d0                std::allocator_traits<std::allocator<bool*> >::deallocate(std::allocator<bool*>&, bool**, unsigned int)
 .text._ZSt10__distanceIPKPbENSt15iterator_traitsIT_E15difference_typeES4_S4_St26random_access_iterator_tag
                0x00000000080012ee       0x1e Core/Src/Controller.o
                0x00000000080012ee                std::iterator_traits<bool* const*>::difference_type std::__distance<bool* const*>(bool* const*, bool* const*, std::random_access_iterator_tag)
 .text._ZNSt16allocator_traitsISaIPbEE8allocateERS1_j
                0x000000000800130c       0x1e Core/Src/Controller.o
                0x000000000800130c                std::allocator_traits<std::allocator<bool*> >::allocate(std::allocator<bool*>&, unsigned int)
 .text._ZSt18uninitialized_copyIPKPbPS0_ET0_T_S5_S4_
                0x000000000800132a       0x24 Core/Src/Controller.o
                0x000000000800132a                bool** std::uninitialized_copy<bool* const*, bool**>(bool* const*, bool* const*, bool**)
 .text._ZNSt12_Destroy_auxILb1EE9__destroyIPPbEEvT_S4_
                0x000000000800134e       0x14 Core/Src/Controller.o
                0x000000000800134e                void std::_Destroy_aux<true>::__destroy<bool**>(bool**, bool**)
 *fill*         0x0000000008001362        0x2 
 .text._ZNSt7__cxx1112basic_stringIcSt11char_traitsIcESaIcEE12_M_constructIPcEEvT_S7_St20forward_iterator_tag
                0x0000000008001364       0x90 Core/Src/Controller.o
                0x0000000008001364                void std::__cxx11::basic_string<char, std::char_traits<char>, std::allocator<char> >::_M_construct<char*>(char*, char*, std::forward_iterator_tag)
 .text._ZN9__gnu_cxx13new_allocatorIPbEC2ERKS2_
                0x00000000080013f4       0x16 Core/Src/Controller.o
                0x00000000080013f4                __gnu_cxx::new_allocator<bool*>::new_allocator(__gnu_cxx::new_allocator<bool*> const&)
                0x00000000080013f4                __gnu_cxx::new_allocator<bool*>::new_allocator(__gnu_cxx::new_allocator<bool*> const&)
 .text._ZN9__gnu_cxx13new_allocatorIPbE10deallocateEPS1_j
                0x000000000800140a       0x1a Core/Src/Controller.o
                0x000000000800140a                __gnu_cxx::new_allocator<bool*>::deallocate(bool**, unsigned int)
 .text._ZN9__gnu_cxx13new_allocatorIPbE8allocateEjPKv
                0x0000000008001424       0x3c Core/Src/Controller.o
                0x0000000008001424                __gnu_cxx::new_allocator<bool*>::allocate(unsigned int, void const*)
 .text._ZNSt20__uninitialized_copyILb1EE13__uninit_copyIPKPbPS2_EET0_T_S7_S6_
                0x0000000008001460       0x20 Core/Src/Controller.o
                0x0000000008001460                bool** std::__uninitialized_copy<true>::__uninit_copy<bool* const*, bool**>(bool* const*, bool* const*, bool**)
 .text._ZN9__gnu_cxx17__is_null_pointerIcEEbPT_
                0x0000000008001480       0x1e Core/Src/Controller.o
                0x0000000008001480                bool __gnu_cxx::__is_null_pointer<char>(char*)
 .text._ZSt19__iterator_categoryIPcENSt15iterator_traitsIT_E17iterator_categoryERKS2_
                0x000000000800149e       0x12 Core/Src/Controller.o
                0x000000000800149e                std::iterator_traits<char*>::iterator_category std::__iterator_category<char*>(char* const&)
 .text._ZSt8distanceIPcENSt15iterator_traitsIT_E15difference_typeES2_S2_
                0x00000000080014b0       0x28 Core/Src/Controller.o
                0x00000000080014b0                std::iterator_traits<char*>::difference_type std::distance<char*>(char*, char*)
 .text._ZNK9__gnu_cxx13new_allocatorIPbE8max_sizeEv
                0x00000000080014d8       0x16 Core/Src/Controller.o
                0x00000000080014d8                __gnu_cxx::new_allocator<bool*>::max_size() const
 .text._ZSt4copyIPKPbPS0_ET0_T_S5_S4_
                0x00000000080014ee       0x30 Core/Src/Controller.o
                0x00000000080014ee                bool** std::copy<bool* const*, bool**>(bool* const*, bool* const*, bool**)
 .text._ZSt10__distanceIPcENSt15iterator_traitsIT_E15difference_typeES2_S2_St26random_access_iterator_tag
                0x000000000800151e       0x1c Core/Src/Controller.o
                0x000000000800151e                std::iterator_traits<char*>::difference_type std::__distance<char*>(char*, char*, std::random_access_iterator_tag)
 .text._ZSt12__miter_baseIPKPbET_S3_
                0x000000000800153a       0x14 Core/Src/Controller.o
                0x000000000800153a                bool* const* std::__miter_base<bool* const*>(bool* const*)
 .text._ZSt14__copy_move_a2ILb0EPKPbPS0_ET1_T0_S5_S4_
                0x000000000800154e       0x38 Core/Src/Controller.o
                0x000000000800154e                bool** std::__copy_move_a2<false, bool* const*, bool**>(bool* const*, bool* const*, bool**)
 .text._ZSt12__niter_baseIPKPbET_S3_
                0x0000000008001586       0x14 Core/Src/Controller.o
                0x0000000008001586                bool* const* std::__niter_base<bool* const*>(bool* const*)
 .text._ZSt12__niter_baseIPPbET_S2_
                0x000000000800159a       0x14 Core/Src/Controller.o
                0x000000000800159a                bool** std::__niter_base<bool**>(bool**)
 .text._ZSt13__copy_move_aILb0EPKPbPS0_ET1_T0_S5_S4_
                0x00000000080015ae       0x24 Core/Src/Controller.o
                0x00000000080015ae                bool** std::__copy_move_a<false, bool* const*, bool**>(bool* const*, bool* const*, bool**)
 .text._ZNSt11__copy_moveILb0ELb1ESt26random_access_iterator_tagE8__copy_mIPbEEPT_PKS4_S7_S5_
                0x00000000080015d2       0x3a Core/Src/Controller.o
                0x00000000080015d2                bool** std::__copy_move<false, true, std::random_access_iterator_tag>::__copy_m<bool*>(bool* const*, bool* const*, bool**)
 .text._Z41__static_initialization_and_destruction_0ii
                0x000000000800160c       0x74 Core/Src/Controller.o
 .text._GLOBAL__sub_I__ZN10Controller2upE
                0x0000000008001680       0x10 Core/Src/Controller.o
 .text._GLOBAL__sub_D__ZN10Controller2upE
                0x0000000008001690       0x10 Core/Src/Controller.o
 .text._ZN3Map5gridXEv
                0x00000000080016a0        0xe Core/Src/Display.o
                0x00000000080016a0                Map::gridX()
 .text._ZN3Map5gridYEv
                0x00000000080016ae        0xe Core/Src/Display.o
                0x00000000080016ae                Map::gridY()
 .text._ZN7Display8LCD_InitEv
                0x00000000080016bc       0x28 Core/Src/Display.o
                0x00000000080016bc                Display::LCD_Init()
 .text._ZN7Display9LCD_ResetEv
                0x00000000080016e4       0x28 Core/Src/Display.o
                0x00000000080016e4                Display::LCD_Reset()
 .text._ZN7Display15LCD_Set_PostionEhh
                0x000000000800170c       0x34 Core/Src/Display.o
                0x000000000800170c                Display::LCD_Set_Postion(unsigned char, unsigned char)
 .text._ZN7Display9LCD_ClearEv
                0x0000000008001740       0x40 Core/Src/Display.o
                0x0000000008001740                Display::LCD_Clear()
 .text._ZN7Display14LCD_Write_CharEh
                0x0000000008001780       0x48 Core/Src/Display.o
                0x0000000008001780                Display::LCD_Write_Char(unsigned char)
 .text._ZN7Display16LCD_Write_StringEhhPKc
                0x00000000080017c8       0x3e Core/Src/Display.o
                0x00000000080017c8                Display::LCD_Write_String(unsigned char, unsigned char, char const*)
 .text._ZN7Display16LCD_Write_StringEhhNSt7__cxx1112basic_stringIcSt11char_traitsIcESaIcEEE
                0x0000000008001806       0x2a Core/Src/Display.o
                0x0000000008001806                Display::LCD_Write_String(unsigned char, unsigned char, std::__cxx11::basic_string<char, std::char_traits<char>, std::allocator<char> >)
 .text._ZN7Display21LCD_Write_String_GridEhhNSt7__cxx1112basic_stringIcSt11char_traitsIcESaIcEEE
                0x0000000008001830       0x5c Core/Src/Display.o
                0x0000000008001830                Display::LCD_Write_String_Grid(unsigned char, unsigned char, std::__cxx11::basic_string<char, std::char_traits<char>, std::allocator<char> >)
 .text._ZN7Display17LCD_Write_CommandEh
                0x000000000800188c       0x50 Core/Src/Display.o
                0x000000000800188c                Display::LCD_Write_Command(unsigned char)
 .text._ZN7Display14LCD_Write_DataEh
                0x00000000080018dc       0x50 Core/Src/Display.o
                0x00000000080018dc                Display::LCD_Write_Data(unsigned char)
 .text._ZN6EntityC2Ev
                0x000000000800192c       0x3c Core/Src/Entity.o
                0x000000000800192c                Entity::Entity()
                0x000000000800192c                Entity::Entity()
 .text._ZN6EntityD2Ev
                0x0000000008001968       0x20 Core/Src/Entity.o
                0x0000000008001968                Entity::~Entity()
                0x0000000008001968                Entity::~Entity()
 .text._ZN6Entity7colidinEPS_
                0x0000000008001988       0x54 Core/Src/Entity.o
                0x0000000008001988                Entity::colidin(Entity*)
 .text._ZN3Map4maxXEv
                0x00000000080019dc        0xe Core/Src/Food.o
                0x00000000080019dc                Map::maxX()
 .text._ZN3Map4maxYEv
                0x00000000080019ea        0xe Core/Src/Food.o
                0x00000000080019ea                Map::maxY()
 .text._ZN6Entity4getXEv
                0x00000000080019f8       0x24 Core/Src/Food.o
                0x00000000080019f8                Entity::getX()
 .text._ZN6Entity4getYEv
                0x0000000008001a1c       0x24 Core/Src/Food.o
                0x0000000008001a1c                Entity::getY()
 .text._ZN4FoodC2EPPv
                0x0000000008001a40       0x34 Core/Src/Food.o
                0x0000000008001a40                Food::Food(void**)
                0x0000000008001a40                Food::Food(void**)
 .text._ZN4FoodD2Ev
                0x0000000008001a74       0x24 Core/Src/Food.o
                0x0000000008001a74                Food::~Food()
                0x0000000008001a74                Food::~Food()
 .text._ZN4FoodD0Ev
                0x0000000008001a98       0x20 Core/Src/Food.o
                0x0000000008001a98                Food::~Food()
 .text._ZN4Food4tickEv
                0x0000000008001ab8       0x8c Core/Src/Food.o
                0x0000000008001ab8                Food::tick()
 .text._ZN4Food6renderEv
                0x0000000008001b44       0x84 Core/Src/Food.o
                0x0000000008001b44                Food::render()
 .text._ZnwjPv  0x0000000008001bc8       0x16 Core/Src/Snake.o
                0x0000000008001bc8                operator new(unsigned int, void*)
 *fill*         0x0000000008001bde        0x2 
 .text._ZN4nodeC2ENSt7__cxx1112basic_stringIcSt11char_traitsIcESaIcEEE
                0x0000000008001be0       0x60 Core/Src/Snake.o
                0x0000000008001be0                node::node(std::__cxx11::basic_string<char, std::char_traits<char>, std::allocator<char> >)
                0x0000000008001be0                node::node(std::__cxx11::basic_string<char, std::char_traits<char>, std::allocator<char> >)
 .text._ZN4nodeC2Eii
                0x0000000008001c40       0x74 Core/Src/Snake.o
                0x0000000008001c40                node::node(int, int)
                0x0000000008001c40                node::node(int, int)
 .text._ZN4Game3fpsEv
                0x0000000008001cb4        0xe Core/Src/Snake.o
                0x0000000008001cb4                Game::fps()
 *fill*         0x0000000008001cc2        0x2 
 .text._ZN10Controller6getVelEv
                0x0000000008001cc4       0x90 Core/Src/Snake.o
                0x0000000008001cc4                Controller::getVel()
 .text._ZN5Snake5nextXEv
                0x0000000008001d54       0x56 Core/Src/Snake.o
                0x0000000008001d54                Snake::nextX()
 .text._ZN5Snake5nextYEv
                0x0000000008001daa       0x56 Core/Src/Snake.o
                0x0000000008001daa                Snake::nextY()
 .text._ZN6EntityC2ERKS_
                0x0000000008001e00       0x40 Core/Src/Snake.o
                0x0000000008001e00                Entity::Entity(Entity const&)
                0x0000000008001e00                Entity::Entity(Entity const&)
 .text._ZN4nodeC2ERKS_
                0x0000000008001e40       0x3c Core/Src/Snake.o
                0x0000000008001e40                node::node(node const&)
                0x0000000008001e40                node::node(node const&)
 .text._ZN5SnakeC2Ev
                0x0000000008001e7c      0x1b8 Core/Src/Snake.o
                0x0000000008001e7c                Snake::Snake()
                0x0000000008001e7c                Snake::Snake()
 .text._ZN5SnakeC2EP4FoodPPv
                0x0000000008002034      0x1f8 Core/Src/Snake.o
                0x0000000008002034                Snake::Snake(Food*, void**)
                0x0000000008002034                Snake::Snake(Food*, void**)
 .text._ZN5SnakeD2Ev
                0x000000000800222c       0x38 Core/Src/Snake.o
                0x000000000800222c                Snake::~Snake()
                0x000000000800222c                Snake::~Snake()
 .text._ZN5SnakeD0Ev
                0x0000000008002264       0x20 Core/Src/Snake.o
                0x0000000008002264                Snake::~Snake()
 .text._ZN5Snake4tickEv
                0x0000000008002284      0x202 Core/Src/Snake.o
                0x0000000008002284                Snake::tick()
 .text._ZN5Snake6renderEv
                0x0000000008002486       0x6c Core/Src/Snake.o
                0x0000000008002486                Snake::render()
 .text._ZN5Snake4nextEffi
                0x00000000080024f2       0x5e Core/Src/Snake.o
                0x00000000080024f2                Snake::next(float, float, int)
 .text._ZN5Snake9resetGameEv
                0x0000000008002550       0x4c Core/Src/Snake.o
                0x0000000008002550                Snake::resetGame()
 .text._ZN5Snake8autoBiteEv
                0x000000000800259c       0x6e Core/Src/Snake.o
                0x000000000800259c                Snake::autoBite()
 .text._ZN5Snake7eatFoodEv
                0x000000000800260a       0x60 Core/Src/Snake.o
                0x000000000800260a                Snake::eatFood()
 .text._ZNSt6vectorI4nodeSaIS0_EEixEj
                0x000000000800266a       0x24 Core/Src/Snake.o
                0x000000000800266a                std::vector<node, std::allocator<node> >::operator[](unsigned int)
 .text._ZNSt6vectorI4nodeSaIS0_EEC2Ev
                0x000000000800268e       0x1a Core/Src/Snake.o
                0x000000000800268e                std::vector<node, std::allocator<node> >::vector()
                0x000000000800268e                std::vector<node, std::allocator<node> >::vector()
 .text._ZNSt6vectorI4nodeSaIS0_EED2Ev
                0x00000000080026a8       0x36 Core/Src/Snake.o
                0x00000000080026a8                std::vector<node, std::allocator<node> >::~vector()
                0x00000000080026a8                std::vector<node, std::allocator<node> >::~vector()
 .text._ZNKSt16initializer_listI4nodeE5beginEv
                0x00000000080026de       0x16 Core/Src/Snake.o
                0x00000000080026de                std::initializer_list<node>::begin() const
 .text._ZNKSt16initializer_listI4nodeE3endEv
                0x00000000080026f4       0x2a Core/Src/Snake.o
                0x00000000080026f4                std::initializer_list<node>::end() const
 .text._ZNSt6vectorI4nodeSaIS0_EEaSESt16initializer_listIS0_E
                0x000000000800271e       0x36 Core/Src/Snake.o
                0x000000000800271e                std::vector<node, std::allocator<node> >::operator=(std::initializer_list<node>)
 .text._ZSt4moveIR4nodeEONSt16remove_referenceIT_E4typeEOS3_
                0x0000000008002754       0x14 Core/Src/Snake.o
                0x0000000008002754                std::remove_reference<node&>::type&& std::move<node&>(node&)
 .text._ZNSt6vectorI4nodeSaIS0_EE9push_backEOS0_
                0x0000000008002768       0x22 Core/Src/Snake.o
                0x0000000008002768                std::vector<node, std::allocator<node> >::push_back(node&&)
 *fill*         0x000000000800278a        0x2 
 .text._ZNKSt6vectorI4nodeSaIS0_EE4sizeEv
                0x000000000800278c       0x2c Core/Src/Snake.o
                0x000000000800278c                std::vector<node, std::allocator<node> >::size() const
 .text._ZSt4moveIRSt6vectorI4nodeSaIS1_EEEONSt16remove_referenceIT_E4typeEOS6_
                0x00000000080027b8       0x14 Core/Src/Snake.o
                0x00000000080027b8                std::remove_reference<std::vector<node, std::allocator<node> >&>::type&& std::move<std::vector<node, std::allocator<node> >&>(std::vector<node, std::allocator<node> >&)
 .text._ZNSt6vectorI4nodeSaIS0_EEaSEOS2_
                0x00000000080027cc       0x2a Core/Src/Snake.o
                0x00000000080027cc                std::vector<node, std::allocator<node> >::operator=(std::vector<node, std::allocator<node> >&&)
 .text._ZNSt12_Vector_baseI4nodeSaIS0_EE12_Vector_implD2Ev
                0x00000000080027f6       0x18 Core/Src/Snake.o
                0x00000000080027f6                std::_Vector_base<node, std::allocator<node> >::_Vector_impl::~_Vector_impl()
                0x00000000080027f6                std::_Vector_base<node, std::allocator<node> >::_Vector_impl::~_Vector_impl()
 .text._ZNSt12_Vector_baseI4nodeSaIS0_EEC2Ev
                0x000000000800280e       0x1a Core/Src/Snake.o
                0x000000000800280e                std::_Vector_base<node, std::allocator<node> >::_Vector_base()
                0x000000000800280e                std::_Vector_base<node, std::allocator<node> >::_Vector_base()
 .text._ZNSt12_Vector_baseI4nodeSaIS0_EED2Ev
                0x0000000008002828       0x40 Core/Src/Snake.o
                0x0000000008002828                std::_Vector_base<node, std::allocator<node> >::~_Vector_base()
                0x0000000008002828                std::_Vector_base<node, std::allocator<node> >::~_Vector_base()
 .text._ZNSt12_Vector_baseI4nodeSaIS0_EE19_M_get_Tp_allocatorEv
                0x0000000008002868       0x14 Core/Src/Snake.o
                0x0000000008002868                std::_Vector_base<node, std::allocator<node> >::_M_get_Tp_allocator()
 .text._ZSt8_DestroyIP4nodeS0_EvT_S2_RSaIT0_E
                0x000000000800287c       0x1c Core/Src/Snake.o
                0x000000000800287c                void std::_Destroy<node*, node>(node*, node*, std::allocator<node>&)
 .text._ZNKSt16initializer_listI4nodeE4sizeEv
                0x0000000008002898       0x16 Core/Src/Snake.o
                0x0000000008002898                std::initializer_list<node>::size() const
 *fill*         0x00000000080028ae        0x2 
 .text._ZNSt6vectorI4nodeSaIS0_EE13_M_assign_auxIPKS0_EEvT_S6_St20forward_iterator_tag
                0x00000000080028b0      0x124 Core/Src/Snake.o
                0x00000000080028b0                void std::vector<node, std::allocator<node> >::_M_assign_aux<node const*>(node const*, node const*, std::forward_iterator_tag)
 .text._ZSt7forwardI4nodeEOT_RNSt16remove_referenceIS1_E4typeE
                0x00000000080029d4       0x14 Core/Src/Snake.o
                0x00000000080029d4                node&& std::forward<node>(std::remove_reference<node>::type&)
 .text._ZNSt6vectorI4nodeSaIS0_EE12emplace_backIJS0_EEEvDpOT_
                0x00000000080029e8       0x5e Core/Src/Snake.o
                0x00000000080029e8                void std::vector<node, std::allocator<node> >::emplace_back<node>(node&&)
 .text._ZNSt6vectorI4nodeSaIS0_EE14_M_move_assignEOS2_St17integral_constantIbLb1EE
                0x0000000008002a46       0x7c Core/Src/Snake.o
                0x0000000008002a46                std::vector<node, std::allocator<node> >::_M_move_assign(std::vector<node, std::allocator<node> >&&, std::integral_constant<bool, true>)
 .text._ZNSt12_Vector_baseI4nodeSaIS0_EE12_Vector_implC2Ev
                0x0000000008002ac2       0x2a Core/Src/Snake.o
                0x0000000008002ac2                std::_Vector_base<node, std::allocator<node> >::_Vector_impl::_Vector_impl()
                0x0000000008002ac2                std::_Vector_base<node, std::allocator<node> >::_Vector_impl::_Vector_impl()
 .text._ZNSaI4nodeED2Ev
                0x0000000008002aec       0x18 Core/Src/Snake.o
                0x0000000008002aec                std::allocator<node>::~allocator()
                0x0000000008002aec                std::allocator<node>::~allocator()
 .text._ZNSt12_Vector_baseI4nodeSaIS0_EE13_M_deallocateEPS0_j
                0x0000000008002b04       0x26 Core/Src/Snake.o
                0x0000000008002b04                std::_Vector_base<node, std::allocator<node> >::_M_deallocate(node*, unsigned int)
 .text._ZSt8_DestroyIP4nodeEvT_S2_
                0x0000000008002b2a       0x1a Core/Src/Snake.o
                0x0000000008002b2a                void std::_Destroy<node*>(node*, node*)
 .text._ZSt19__iterator_categoryIPK4nodeENSt15iterator_traitsIT_E17iterator_categoryERKS4_
                0x0000000008002b44       0x12 Core/Src/Snake.o
                0x0000000008002b44                std::iterator_traits<node const*>::iterator_category std::__iterator_category<node const*>(node const* const&)
 .text._ZSt8distanceIPK4nodeENSt15iterator_traitsIT_E15difference_typeES4_S4_
                0x0000000008002b56       0x28 Core/Src/Snake.o
                0x0000000008002b56                std::iterator_traits<node const*>::difference_type std::distance<node const*>(node const*, node const*)
 *fill*         0x0000000008002b7e        0x2 
 .text._ZNKSt6vectorI4nodeSaIS0_EE8capacityEv
                0x0000000008002b80       0x2c Core/Src/Snake.o
                0x0000000008002b80                std::vector<node, std::allocator<node> >::capacity() const
 .text._ZNSt6vectorI4nodeSaIS0_EE20_M_allocate_and_copyIPKS0_EEPS0_jT_S7_
                0x0000000008002bac       0x38 Core/Src/Snake.o
                0x0000000008002bac                node* std::vector<node, std::allocator<node> >::_M_allocate_and_copy<node const*>(unsigned int, node const*, node const*)
 .text._ZNSt6vectorI4nodeSaIS0_EE15_M_erase_at_endEPS0_
                0x0000000008002be4       0x30 Core/Src/Snake.o
                0x0000000008002be4                std::vector<node, std::allocator<node> >::_M_erase_at_end(node*)
 .text._ZSt4copyIPK4nodePS0_ET0_T_S5_S4_
                0x0000000008002c14       0x30 Core/Src/Snake.o
                0x0000000008002c14                node* std::copy<node const*, node*>(node const*, node const*, node*)
 .text._ZSt7advanceIPK4nodejEvRT_T0_
                0x0000000008002c44       0x26 Core/Src/Snake.o
                0x0000000008002c44                void std::advance<node const*, unsigned int>(node const*&, unsigned int)
 .text._ZSt22__uninitialized_copy_aIPK4nodePS0_S0_ET0_T_S5_S4_RSaIT1_E
                0x0000000008002c6a       0x22 Core/Src/Snake.o
                0x0000000008002c6a                node* std::__uninitialized_copy_a<node const*, node*, node>(node const*, node const*, node*, std::allocator<node>&)
 .text._ZNSt16allocator_traitsISaI4nodeEE9constructIS0_JS0_EEEvRS1_PT_DpOT0_
                0x0000000008002c8c       0x26 Core/Src/Snake.o
                0x0000000008002c8c                void std::allocator_traits<std::allocator<node> >::construct<node, node>(std::allocator<node>&, node*, node&&)
 .text._ZNSt6vectorI4nodeSaIS0_EE3endEv
                0x0000000008002cb2       0x22 Core/Src/Snake.o
                0x0000000008002cb2                std::vector<node, std::allocator<node> >::end()
 .text._ZNSt6vectorI4nodeSaIS0_EE17_M_realloc_insertIJS0_EEEvN9__gnu_cxx17__normal_iteratorIPS0_S2_EEDpOT_
                0x0000000008002cd4      0x130 Core/Src/Snake.o
                0x0000000008002cd4                void std::vector<node, std::allocator<node> >::_M_realloc_insert<node>(__gnu_cxx::__normal_iterator<node*, std::vector<node, std::allocator<node> > >, node&&)
 .text._ZNKSt12_Vector_baseI4nodeSaIS0_EE13get_allocatorEv
                0x0000000008002e04       0x22 Core/Src/Snake.o
                0x0000000008002e04                std::_Vector_base<node, std::allocator<node> >::get_allocator() const
 .text._ZNSt6vectorI4nodeSaIS0_EEC2ERKS1_
                0x0000000008002e26       0x1e Core/Src/Snake.o
                0x0000000008002e26                std::vector<node, std::allocator<node> >::vector(std::allocator<node> const&)
                0x0000000008002e26                std::vector<node, std::allocator<node> >::vector(std::allocator<node> const&)
 .text._ZNSt12_Vector_baseI4nodeSaIS0_EE12_Vector_impl12_M_swap_dataERS3_
                0x0000000008002e44       0x40 Core/Src/Snake.o
                0x0000000008002e44                std::_Vector_base<node, std::allocator<node> >::_Vector_impl::_M_swap_data(std::_Vector_base<node, std::allocator<node> >::_Vector_impl&)
 .text._ZSt15__alloc_on_moveISaI4nodeEEvRT_S3_
                0x0000000008002e84       0x1c Core/Src/Snake.o
                0x0000000008002e84                void std::__alloc_on_move<std::allocator<node> >(std::allocator<node>&, std::allocator<node>&)
 .text._ZNSaI4nodeEC2Ev
                0x0000000008002ea0       0x18 Core/Src/Snake.o
                0x0000000008002ea0                std::allocator<node>::allocator()
                0x0000000008002ea0                std::allocator<node>::allocator()
 .text._ZN9__gnu_cxx13new_allocatorI4nodeED2Ev
                0x0000000008002eb8       0x14 Core/Src/Snake.o
                0x0000000008002eb8                __gnu_cxx::new_allocator<node>::~new_allocator()
                0x0000000008002eb8                __gnu_cxx::new_allocator<node>::~new_allocator()
 .text._ZNSt16allocator_traitsISaI4nodeEE10deallocateERS1_PS0_j
                0x0000000008002ecc       0x1e Core/Src/Snake.o
                0x0000000008002ecc                std::allocator_traits<std::allocator<node> >::deallocate(std::allocator<node>&, node*, unsigned int)
 .text._ZSt11__addressofI4nodeEPT_RS1_
                0x0000000008002eea       0x14 Core/Src/Snake.o
                0x0000000008002eea                node* std::__addressof<node>(node&)
 .text._ZNSt12_Destroy_auxILb0EE9__destroyIP4nodeEEvT_S4_
                0x0000000008002efe       0x30 Core/Src/Snake.o
                0x0000000008002efe                void std::_Destroy_aux<false>::__destroy<node*>(node*, node*)
 *fill*         0x0000000008002f2e        0x2 
 .text._ZSt10__distanceIPK4nodeENSt15iterator_traitsIT_E15difference_typeES4_S4_St26random_access_iterator_tag
                0x0000000008002f30       0x28 Core/Src/Snake.o
                0x0000000008002f30                std::iterator_traits<node const*>::difference_type std::__distance<node const*>(node const*, node const*, std::random_access_iterator_tag)
 .text._ZNSt12_Vector_baseI4nodeSaIS0_EE11_M_allocateEj
                0x0000000008002f58       0x28 Core/Src/Snake.o
                0x0000000008002f58                std::_Vector_base<node, std::allocator<node> >::_M_allocate(unsigned int)
 .text._ZSt12__miter_baseIPK4nodeET_S3_
                0x0000000008002f80       0x14 Core/Src/Snake.o
                0x0000000008002f80                node const* std::__miter_base<node const*>(node const*)
 .text._ZSt14__copy_move_a2ILb0EPK4nodePS0_ET1_T0_S5_S4_
                0x0000000008002f94       0x38 Core/Src/Snake.o
                0x0000000008002f94                node* std::__copy_move_a2<false, node const*, node*>(node const*, node const*, node*)
 .text._ZSt9__advanceIPK4nodeiEvRT_T0_St26random_access_iterator_tag
                0x0000000008002fcc       0x2a Core/Src/Snake.o
                0x0000000008002fcc                void std::__advance<node const*, int>(node const*&, int, std::random_access_iterator_tag)
 .text._ZSt18uninitialized_copyIPK4nodePS0_ET0_T_S5_S4_
                0x0000000008002ff6       0x24 Core/Src/Snake.o
                0x0000000008002ff6                node* std::uninitialized_copy<node const*, node*>(node const*, node const*, node*)
 .text._ZN9__gnu_cxx13new_allocatorI4nodeE9constructIS1_JS1_EEEvPT_DpOT0_
                0x000000000800301a       0x34 Core/Src/Snake.o
                0x000000000800301a                void __gnu_cxx::new_allocator<node>::construct<node, node>(node*, node&&)
 .text._ZN9__gnu_cxx17__normal_iteratorIP4nodeSt6vectorIS1_SaIS1_EEEC2ERKS2_
                0x000000000800304e       0x1e Core/Src/Snake.o
                0x000000000800304e                __gnu_cxx::__normal_iterator<node*, std::vector<node, std::allocator<node> > >::__normal_iterator(node* const&)
                0x000000000800304e                __gnu_cxx::__normal_iterator<node*, std::vector<node, std::allocator<node> > >::__normal_iterator(node* const&)
 .text._ZNKSt6vectorI4nodeSaIS0_EE12_M_check_lenEjPKc
                0x000000000800306c       0x90 Core/Src/Snake.o
                0x000000000800306c                std::vector<node, std::allocator<node> >::_M_check_len(unsigned int, char const*) const
 .text._ZNSt6vectorI4nodeSaIS0_EE5beginEv
                0x00000000080030fc       0x20 Core/Src/Snake.o
                0x00000000080030fc                std::vector<node, std::allocator<node> >::begin()
 .text._ZN9__gnu_cxxmiIP4nodeSt6vectorIS1_SaIS1_EEEENS_17__normal_iteratorIT_T0_E15difference_typeERKS9_SC_
                0x000000000800311c       0x38 Core/Src/Snake.o
                0x000000000800311c                __gnu_cxx::__normal_iterator<node*, std::vector<node, std::allocator<node> > >::difference_type __gnu_cxx::operator-<node*, std::vector<node, std::allocator<node> > >(__gnu_cxx::__normal_iterator<node*, std::vector<node, std::allocator<node> > > const&, __gnu_cxx::__normal_iterator<node*, std::vector<node, std::allocator<node> > > const&)
 .text._ZNK9__gnu_cxx17__normal_iteratorIP4nodeSt6vectorIS1_SaIS1_EEE4baseEv
                0x0000000008003154       0x14 Core/Src/Snake.o
                0x0000000008003154                __gnu_cxx::__normal_iterator<node*, std::vector<node, std::allocator<node> > >::base() const
 .text._ZSt34__uninitialized_move_if_noexcept_aIP4nodeS1_SaIS0_EET0_T_S4_S3_RT1_
                0x0000000008003168       0x32 Core/Src/Snake.o
                0x0000000008003168                node* std::__uninitialized_move_if_noexcept_a<node*, node*, std::allocator<node> >(node*, node*, node*, std::allocator<node>&)
 .text._ZNKSt12_Vector_baseI4nodeSaIS0_EE19_M_get_Tp_allocatorEv
                0x000000000800319a       0x14 Core/Src/Snake.o
                0x000000000800319a                std::_Vector_base<node, std::allocator<node> >::_M_get_Tp_allocator() const
 .text._ZNSaI4nodeEC2ERKS0_
                0x00000000080031ae       0x1c Core/Src/Snake.o
                0x00000000080031ae                std::allocator<node>::allocator(std::allocator<node> const&)
                0x00000000080031ae                std::allocator<node>::allocator(std::allocator<node> const&)
 .text._ZNSt12_Vector_baseI4nodeSaIS0_EEC2ERKS1_
                0x00000000080031ca       0x1e Core/Src/Snake.o
                0x00000000080031ca                std::_Vector_base<node, std::allocator<node> >::_Vector_base(std::allocator<node> const&)
                0x00000000080031ca                std::_Vector_base<node, std::allocator<node> >::_Vector_base(std::allocator<node> const&)
 .text._ZSt4moveIRP4nodeEONSt16remove_referenceIT_E4typeEOS4_
                0x00000000080031e8       0x14 Core/Src/Snake.o
                0x00000000080031e8                std::remove_reference<node*&>::type&& std::move<node*&>(node*&)
 .text._ZSt4swapIP4nodeENSt9enable_ifIXsrSt6__and_IJSt6__not_ISt15__is_tuple_likeIT_EESt21is_move_constructibleIS6_ESt18is_move_assignableIS6_EEE5valueEvE4typeERS6_SG_
                0x00000000080031fc       0x3e Core/Src/Snake.o
                0x00000000080031fc                std::enable_if<std::__and_<std::__not_<std::__is_tuple_like<node*> >, std::is_move_constructible<node*>, std::is_move_assignable<node*> >::value, void>::type std::swap<node*>(node*&, node*&)
 .text._ZSt4moveIRSaI4nodeEEONSt16remove_referenceIT_E4typeEOS4_
                0x000000000800323a       0x14 Core/Src/Snake.o
                0x000000000800323a                std::remove_reference<std::allocator<node>&>::type&& std::move<std::allocator<node>&>(std::allocator<node>&)
 .text._ZSt18__do_alloc_on_moveISaI4nodeEEvRT_S3_St17integral_constantIbLb1EE
                0x000000000800324e       0x1a Core/Src/Snake.o
                0x000000000800324e                void std::__do_alloc_on_move<std::allocator<node> >(std::allocator<node>&, std::allocator<node>&, std::integral_constant<bool, true>)
 .text._ZN9__gnu_cxx13new_allocatorI4nodeEC2Ev
                0x0000000008003268       0x14 Core/Src/Snake.o
                0x0000000008003268                __gnu_cxx::new_allocator<node>::new_allocator()
                0x0000000008003268                __gnu_cxx::new_allocator<node>::new_allocator()
 .text._ZN9__gnu_cxx13new_allocatorI4nodeE10deallocateEPS1_j
                0x000000000800327c       0x1a Core/Src/Snake.o
                0x000000000800327c                __gnu_cxx::new_allocator<node>::deallocate(node*, unsigned int)
 .text._ZSt8_DestroyI4nodeEvPT_
                0x0000000008003296       0x1c Core/Src/Snake.o
                0x0000000008003296                void std::_Destroy<node>(node*)
 .text._ZNSt16allocator_traitsISaI4nodeEE8allocateERS1_j
                0x00000000080032b2       0x1e Core/Src/Snake.o
                0x00000000080032b2                std::allocator_traits<std::allocator<node> >::allocate(std::allocator<node>&, unsigned int)
 .text._ZSt12__niter_baseIPK4nodeET_S3_
                0x00000000080032d0       0x14 Core/Src/Snake.o
                0x00000000080032d0                node const* std::__niter_base<node const*>(node const*)
 .text._ZSt12__niter_baseIP4nodeET_S2_
                0x00000000080032e4       0x14 Core/Src/Snake.o
                0x00000000080032e4                node* std::__niter_base<node*>(node*)
 .text._ZSt13__copy_move_aILb0EPK4nodePS0_ET1_T0_S5_S4_
                0x00000000080032f8       0x24 Core/Src/Snake.o
                0x00000000080032f8                node* std::__copy_move_a<false, node const*, node*>(node const*, node const*, node*)
 .text._ZNSt20__uninitialized_copyILb0EE13__uninit_copyIPK4nodePS2_EET0_T_S7_S6_
                0x000000000800331c       0x40 Core/Src/Snake.o
                0x000000000800331c                node* std::__uninitialized_copy<false>::__uninit_copy<node const*, node*>(node const*, node const*, node*)
 .text._ZNKSt6vectorI4nodeSaIS0_EE8max_sizeEv
                0x000000000800335c       0x22 Core/Src/Snake.o
                0x000000000800335c                std::vector<node, std::allocator<node> >::max_size() const
 .text._ZSt3maxIjERKT_S2_S2_
                0x000000000800337e       0x26 Core/Src/Snake.o
                0x000000000800337e                unsigned int const& std::max<unsigned int>(unsigned int const&, unsigned int const&)
 .text._ZSt32__make_move_if_noexcept_iteratorI4nodePKS0_ET0_PT_
                0x00000000080033a4       0x14 Core/Src/Snake.o
                0x00000000080033a4                node const* std::__make_move_if_noexcept_iterator<node, node const*>(node*)
 .text._ZN9__gnu_cxx13new_allocatorI4nodeEC2ERKS2_
                0x00000000080033b8       0x16 Core/Src/Snake.o
                0x00000000080033b8                __gnu_cxx::new_allocator<node>::new_allocator(__gnu_cxx::new_allocator<node> const&)
                0x00000000080033b8                __gnu_cxx::new_allocator<node>::new_allocator(__gnu_cxx::new_allocator<node> const&)
 .text._ZNSt12_Vector_baseI4nodeSaIS0_EE12_Vector_implC2ERKS1_
                0x00000000080033ce       0x2e Core/Src/Snake.o
                0x00000000080033ce                std::_Vector_base<node, std::allocator<node> >::_Vector_impl::_Vector_impl(std::allocator<node> const&)
                0x00000000080033ce                std::_Vector_base<node, std::allocator<node> >::_Vector_impl::_Vector_impl(std::allocator<node> const&)
 .text._ZN9__gnu_cxx13new_allocatorI4nodeE8allocateEjPKv
                0x00000000080033fc       0x42 Core/Src/Snake.o
                0x00000000080033fc                __gnu_cxx::new_allocator<node>::allocate(unsigned int, void const*)
 .text._ZN6EntityaSERKS_
                0x000000000800343e       0x36 Core/Src/Snake.o
                0x000000000800343e                Entity::operator=(Entity const&)
 .text._ZN4nodeaSERKS_
                0x0000000008003474       0x32 Core/Src/Snake.o
                0x0000000008003474                node::operator=(node const&)
 *fill*         0x00000000080034a6        0x2 
 .text._ZNSt11__copy_moveILb0ELb0ESt26random_access_iterator_tagE8__copy_mIPK4nodePS3_EET0_T_S8_S7_
                0x00000000080034a8       0x4c Core/Src/Snake.o
                0x00000000080034a8                node* std::__copy_move<false, false, std::random_access_iterator_tag>::__copy_m<node const*, node*>(node const*, node const*, node*)
 .text._ZSt7forwardIRK4nodeEOT_RNSt16remove_referenceIS3_E4typeE
                0x00000000080034f4       0x14 Core/Src/Snake.o
                0x00000000080034f4                node const& std::forward<node const&>(std::remove_reference<node const&>::type&)
 .text._ZSt10_ConstructI4nodeJRKS0_EEvPT_DpOT0_
                0x0000000008003508       0x32 Core/Src/Snake.o
                0x0000000008003508                void std::_Construct<node, node const&>(node*, node const&)
 .text._ZNSt16allocator_traitsISaI4nodeEE8max_sizeERKS1_
                0x000000000800353a       0x18 Core/Src/Snake.o
                0x000000000800353a                std::allocator_traits<std::allocator<node> >::max_size(std::allocator<node> const&)
 *fill*         0x0000000008003552        0x2 
 .text._ZNK9__gnu_cxx13new_allocatorI4nodeE8max_sizeEv
                0x0000000008003554       0x18 Core/Src/Snake.o
                0x0000000008003554                __gnu_cxx::new_allocator<node>::max_size() const
 .text.vApplicationGetIdleTaskMemory
                0x000000000800356c       0x30 Core/Src/freertos.o
                0x000000000800356c                vApplicationGetIdleTaskMemory
 .text._ZN10Controller6setMuxEPPv
                0x000000000800359c       0x1c Core/Src/main.o
                0x000000000800359c                Controller::setMux(void**)
 .text.main     0x00000000080035b8      0x100 Core/Src/main.o
                0x00000000080035b8                main
 .text._Z18SystemClock_Configv
                0x00000000080036b8       0xcc Core/Src/main.o
                0x00000000080036b8                SystemClock_Config()
 .text._ZL12MX_ADC1_Initv
                0x0000000008003784       0x90 Core/Src/main.o
 .text._ZL12MX_SPI1_Initv
                0x0000000008003814       0x78 Core/Src/main.o
 .text._ZL12MX_GPIO_Initv
                0x000000000800388c       0xe0 Core/Src/main.o
 .text._ZL3clkPFvvE
                0x000000000800396c       0x44 Core/Src/main.o
 .text._ZL4rendv
                0x00000000080039b0       0x24 Core/Src/main.o
 .text._ZL3ticv
                0x00000000080039d4       0x1c Core/Src/main.o
 .text._ZL4contv
                0x00000000080039f0        0xc Core/Src/main.o
 .text._Z6renderPKv
                0x00000000080039fc       0x18 Core/Src/main.o
                0x00000000080039fc                render(void const*)
 .text._Z4tickPKv
                0x0000000008003a14       0x14 Core/Src/main.o
                0x0000000008003a14                tick(void const*)
 .text._Z10controllerPKv
                0x0000000008003a28       0x14 Core/Src/main.o
                0x0000000008003a28                controller(void const*)
 .text.HAL_TIM_PeriodElapsedCallback
                0x0000000008003a3c       0x24 Core/Src/main.o
                0x0000000008003a3c                HAL_TIM_PeriodElapsedCallback
 .text.Error_Handler
                0x0000000008003a60        0xc Core/Src/main.o
                0x0000000008003a60                Error_Handler
 .text._Z41__static_initialization_and_destruction_0ii
                0x0000000008003a6c       0x60 Core/Src/main.o
 .text._GLOBAL__sub_I_hadc1
                0x0000000008003acc       0x10 Core/Src/main.o
 .text._GLOBAL__sub_D_hadc1
                0x0000000008003adc       0x10 Core/Src/main.o
 .text._ZN4nodeC2Ev
                0x0000000008003aec       0x50 Core/Src/node.o
                0x0000000008003aec                node::node()
                0x0000000008003aec                node::node()
 .text._ZN4nodeD2Ev
                0x0000000008003b3c       0x30 Core/Src/node.o
                0x0000000008003b3c                node::~node()
                0x0000000008003b3c                node::~node()
 .text._ZN4nodeD0Ev
                0x0000000008003b6c       0x20 Core/Src/node.o
                0x0000000008003b6c                node::~node()
 .text._ZN4node6renderEv
                0x0000000008003b8c       0x52 Core/Src/node.o
                0x0000000008003b8c                node::render()
 .text._ZN4node4tickEv
                0x0000000008003bde       0x12 Core/Src/node.o
                0x0000000008003bde                node::tick()
 .text.HAL_MspInit
                0x0000000008003bf0       0x64 Core/Src/stm32f1xx_hal_msp.o
                0x0000000008003bf0                HAL_MspInit
 .text.HAL_ADC_MspInit
                0x0000000008003c54       0x78 Core/Src/stm32f1xx_hal_msp.o
                0x0000000008003c54                HAL_ADC_MspInit
 .text.HAL_SPI_MspInit
                0x0000000008003ccc       0x94 Core/Src/stm32f1xx_hal_msp.o
                0x0000000008003ccc                HAL_SPI_MspInit
 .text.HAL_InitTick
                0x0000000008003d60       0xac Core/Src/stm32f1xx_hal_timebase_tim.o
                0x0000000008003d60                HAL_InitTick
 .text.NMI_Handler
                0x0000000008003e0c        0xc Core/Src/stm32f1xx_it.o
                0x0000000008003e0c                NMI_Handler
 .text.HardFault_Handler
                0x0000000008003e18        0x6 Core/Src/stm32f1xx_it.o
                0x0000000008003e18                HardFault_Handler
 .text.MemManage_Handler
                0x0000000008003e1e        0x6 Core/Src/stm32f1xx_it.o
                0x0000000008003e1e                MemManage_Handler
 .text.BusFault_Handler
                0x0000000008003e24        0x6 Core/Src/stm32f1xx_it.o
                0x0000000008003e24                BusFault_Handler
 .text.UsageFault_Handler
                0x0000000008003e2a        0x6 Core/Src/stm32f1xx_it.o
                0x0000000008003e2a                UsageFault_Handler
 .text.DebugMon_Handler
                0x0000000008003e30        0xc Core/Src/stm32f1xx_it.o
                0x0000000008003e30                DebugMon_Handler
 .text.TIM1_UP_IRQHandler
                0x0000000008003e3c       0x14 Core/Src/stm32f1xx_it.o
                0x0000000008003e3c                TIM1_UP_IRQHandler
 .text._getpid  0x0000000008003e50        0xe Core/Src/syscalls.o
                0x0000000008003e50                _getpid
 .text._kill    0x0000000008003e5e       0x20 Core/Src/syscalls.o
                0x0000000008003e5e                _kill
 .text._exit    0x0000000008003e7e       0x14 Core/Src/syscalls.o
                0x0000000008003e7e                _exit
 .text._times   0x0000000008003e92       0x16 Core/Src/syscalls.o
                0x0000000008003e92                _times
 .text._sbrk    0x0000000008003ea8       0x6c Core/Src/sysmem.o
                0x0000000008003ea8                _sbrk
 .text.SystemInit
                0x0000000008003f14        0xc Core/Src/system_stm32f1xx.o
                0x0000000008003f14                SystemInit
 .text.Reset_Handler
                0x0000000008003f20       0x48 Core/Startup/startup_stm32f103c8tx.o
                0x0000000008003f20                Reset_Handler
 .text.Default_Handler
                0x0000000008003f68        0x2 Core/Startup/startup_stm32f103c8tx.o
                0x0000000008003f68                RTC_Alarm_IRQHandler
                0x0000000008003f68                EXTI2_IRQHandler
                0x0000000008003f68                TIM1_CC_IRQHandler
                0x0000000008003f68                PVD_IRQHandler
                0x0000000008003f68                EXTI3_IRQHandler
                0x0000000008003f68                EXTI0_IRQHandler
                0x0000000008003f68                I2C2_EV_IRQHandler
                0x0000000008003f68                ADC1_2_IRQHandler
                0x0000000008003f68                SPI1_IRQHandler
                0x0000000008003f68                TAMPER_IRQHandler
                0x0000000008003f68                DMA1_Channel4_IRQHandler
                0x0000000008003f68                USART3_IRQHandler
                0x0000000008003f68                RTC_IRQHandler
                0x0000000008003f68                DMA1_Channel7_IRQHandler
                0x0000000008003f68                CAN1_RX1_IRQHandler
                0x0000000008003f68                TIM4_IRQHandler
                0x0000000008003f68                I2C1_EV_IRQHandler
                0x0000000008003f68                DMA1_Channel6_IRQHandler
                0x0000000008003f68                TIM3_IRQHandler
                0x0000000008003f68                RCC_IRQHandler
                0x0000000008003f68                TIM1_TRG_COM_IRQHandler
                0x0000000008003f68                DMA1_Channel1_IRQHandler
                0x0000000008003f68                Default_Handler
                0x0000000008003f68                EXTI15_10_IRQHandler
                0x0000000008003f68                EXTI9_5_IRQHandler
                0x0000000008003f68                SPI2_IRQHandler
                0x0000000008003f68                DMA1_Channel5_IRQHandler
                0x0000000008003f68                EXTI4_IRQHandler
                0x0000000008003f68                USB_LP_CAN1_RX0_IRQHandler
                0x0000000008003f68                USB_HP_CAN1_TX_IRQHandler
                0x0000000008003f68                DMA1_Channel3_IRQHandler
                0x0000000008003f68                WWDG_IRQHandler
                0x0000000008003f68                TIM2_IRQHandler
                0x0000000008003f68                TIM1_BRK_IRQHandler
                0x0000000008003f68                EXTI1_IRQHandler
                0x0000000008003f68                USART2_IRQHandler
                0x0000000008003f68                I2C2_ER_IRQHandler
                0x0000000008003f68                DMA1_Channel2_IRQHandler
                0x0000000008003f68                CAN1_SCE_IRQHandler
                0x0000000008003f68                FLASH_IRQHandler
                0x0000000008003f68                USART1_IRQHandler
                0x0000000008003f68                I2C1_ER_IRQHandler
                0x0000000008003f68                USBWakeUp_IRQHandler
 *fill*         0x0000000008003f6a        0x2 
 .text.HAL_Init
                0x0000000008003f6c       0x2c Drivers/STM32F1xx_HAL_Driver/Src/stm32f1xx_hal.o
                0x0000000008003f6c                HAL_Init
 .text.HAL_IncTick
                0x0000000008003f98       0x24 Drivers/STM32F1xx_HAL_Driver/Src/stm32f1xx_hal.o
                0x0000000008003f98                HAL_IncTick
 .text.HAL_GetTick
                0x0000000008003fbc       0x14 Drivers/STM32F1xx_HAL_Driver/Src/stm32f1xx_hal.o
                0x0000000008003fbc                HAL_GetTick
 .text.HAL_Delay
                0x0000000008003fd0       0x44 Drivers/STM32F1xx_HAL_Driver/Src/stm32f1xx_hal.o
                0x0000000008003fd0                HAL_Delay
 .text.HAL_ADC_Init
                0x0000000008004014      0x1b0 Drivers/STM32F1xx_HAL_Driver/Src/stm32f1xx_hal_adc.o
                0x0000000008004014                HAL_ADC_Init
 .text.HAL_ADC_Start
                0x00000000080041c4      0x15c Drivers/STM32F1xx_HAL_Driver/Src/stm32f1xx_hal_adc.o
                0x00000000080041c4                HAL_ADC_Start
 .text.HAL_ADC_PollForConversion
                0x0000000008004320      0x1f4 Drivers/STM32F1xx_HAL_Driver/Src/stm32f1xx_hal_adc.o
                0x0000000008004320                HAL_ADC_PollForConversion
 .text.HAL_ADC_GetValue
                0x0000000008004514       0x18 Drivers/STM32F1xx_HAL_Driver/Src/stm32f1xx_hal_adc.o
                0x0000000008004514                HAL_ADC_GetValue
 .text.HAL_ADC_ConfigChannel
                0x000000000800452c      0x1f0 Drivers/STM32F1xx_HAL_Driver/Src/stm32f1xx_hal_adc.o
                0x000000000800452c                HAL_ADC_ConfigChannel
 .text.ADC_Enable
                0x000000000800471c       0xa4 Drivers/STM32F1xx_HAL_Driver/Src/stm32f1xx_hal_adc.o
                0x000000000800471c                ADC_Enable
 .text.ADC_ConversionStop_Disable
                0x00000000080047c0       0x74 Drivers/STM32F1xx_HAL_Driver/Src/stm32f1xx_hal_adc.o
                0x00000000080047c0                ADC_ConversionStop_Disable
 .text.__NVIC_SetPriorityGrouping
                0x0000000008004834       0x48 Drivers/STM32F1xx_HAL_Driver/Src/stm32f1xx_hal_cortex.o
 .text.__NVIC_GetPriorityGrouping
                0x000000000800487c       0x1c Drivers/STM32F1xx_HAL_Driver/Src/stm32f1xx_hal_cortex.o
 .text.__NVIC_EnableIRQ
                0x0000000008004898       0x38 Drivers/STM32F1xx_HAL_Driver/Src/stm32f1xx_hal_cortex.o
 .text.__NVIC_SetPriority
                0x00000000080048d0       0x54 Drivers/STM32F1xx_HAL_Driver/Src/stm32f1xx_hal_cortex.o
 .text.NVIC_EncodePriority
                0x0000000008004924       0x64 Drivers/STM32F1xx_HAL_Driver/Src/stm32f1xx_hal_cortex.o
 .text.HAL_NVIC_SetPriorityGrouping
                0x0000000008004988       0x16 Drivers/STM32F1xx_HAL_Driver/Src/stm32f1xx_hal_cortex.o
                0x0000000008004988                HAL_NVIC_SetPriorityGrouping
 .text.HAL_NVIC_SetPriority
                0x000000000800499e       0x38 Drivers/STM32F1xx_HAL_Driver/Src/stm32f1xx_hal_cortex.o
                0x000000000800499e                HAL_NVIC_SetPriority
 .text.HAL_NVIC_EnableIRQ
                0x00000000080049d6       0x1c Drivers/STM32F1xx_HAL_Driver/Src/stm32f1xx_hal_cortex.o
                0x00000000080049d6                HAL_NVIC_EnableIRQ
 *fill*         0x00000000080049f2        0x2 
 .text.HAL_GPIO_Init
                0x00000000080049f4      0x2b4 Drivers/STM32F1xx_HAL_Driver/Src/stm32f1xx_hal_gpio.o
                0x00000000080049f4                HAL_GPIO_Init
 .text.HAL_GPIO_ReadPin
                0x0000000008004ca8       0x2e Drivers/STM32F1xx_HAL_Driver/Src/stm32f1xx_hal_gpio.o
                0x0000000008004ca8                HAL_GPIO_ReadPin
 .text.HAL_GPIO_WritePin
                0x0000000008004cd6       0x30 Drivers/STM32F1xx_HAL_Driver/Src/stm32f1xx_hal_gpio.o
                0x0000000008004cd6                HAL_GPIO_WritePin
 *fill*         0x0000000008004d06        0x2 
 .text.HAL_RCC_OscConfig
                0x0000000008004d08      0x500 Drivers/STM32F1xx_HAL_Driver/Src/stm32f1xx_hal_rcc.o
                0x0000000008004d08                HAL_RCC_OscConfig
 .text.HAL_RCC_ClockConfig
                0x0000000008005208      0x1d4 Drivers/STM32F1xx_HAL_Driver/Src/stm32f1xx_hal_rcc.o
                0x0000000008005208                HAL_RCC_ClockConfig
 .text.HAL_RCC_GetSysClockFreq
                0x00000000080053dc       0xc4 Drivers/STM32F1xx_HAL_Driver/Src/stm32f1xx_hal_rcc.o
                0x00000000080053dc                HAL_RCC_GetSysClockFreq
 .text.HAL_RCC_GetHCLKFreq
                0x00000000080054a0       0x14 Drivers/STM32F1xx_HAL_Driver/Src/stm32f1xx_hal_rcc.o
                0x00000000080054a0                HAL_RCC_GetHCLKFreq
 .text.HAL_RCC_GetPCLK2Freq
                0x00000000080054b4       0x28 Drivers/STM32F1xx_HAL_Driver/Src/stm32f1xx_hal_rcc.o
                0x00000000080054b4                HAL_RCC_GetPCLK2Freq
 .text.HAL_RCC_GetClockConfig
                0x00000000080054dc       0x60 Drivers/STM32F1xx_HAL_Driver/Src/stm32f1xx_hal_rcc.o
                0x00000000080054dc                HAL_RCC_GetClockConfig
 .text.RCC_Delay
                0x000000000800553c       0x3c Drivers/STM32F1xx_HAL_Driver/Src/stm32f1xx_hal_rcc.o
 .text.HAL_RCCEx_PeriphCLKConfig
                0x0000000008005578      0x16c Drivers/STM32F1xx_HAL_Driver/Src/stm32f1xx_hal_rcc_ex.o
                0x0000000008005578                HAL_RCCEx_PeriphCLKConfig
 .text.HAL_RCCEx_GetPeriphCLKFreq
                0x00000000080056e4      0x178 Drivers/STM32F1xx_HAL_Driver/Src/stm32f1xx_hal_rcc_ex.o
                0x00000000080056e4                HAL_RCCEx_GetPeriphCLKFreq
 .text.HAL_SPI_Init
                0x000000000800585c      0x108 Drivers/STM32F1xx_HAL_Driver/Src/stm32f1xx_hal_spi.o
                0x000000000800585c                HAL_SPI_Init
 .text.HAL_SPI_Transmit
                0x0000000008005964      0x278 Drivers/STM32F1xx_HAL_Driver/Src/stm32f1xx_hal_spi.o
                0x0000000008005964                HAL_SPI_Transmit
 .text.SPI_WaitFlagStateUntilTimeout
                0x0000000008005bdc      0x110 Drivers/STM32F1xx_HAL_Driver/Src/stm32f1xx_hal_spi.o
 .text.SPI_EndRxTxTransaction
                0x0000000008005cec       0x3c Drivers/STM32F1xx_HAL_Driver/Src/stm32f1xx_hal_spi.o
 .text.HAL_TIM_Base_Init
                0x0000000008005d28       0x9e Drivers/STM32F1xx_HAL_Driver/Src/stm32f1xx_hal_tim.o
                0x0000000008005d28                HAL_TIM_Base_Init
 .text.HAL_TIM_Base_MspInit
                0x0000000008005dc6       0x12 Drivers/STM32F1xx_HAL_Driver/Src/stm32f1xx_hal_tim.o
                0x0000000008005dc6                HAL_TIM_Base_MspInit
 .text.HAL_TIM_Base_Start_IT
                0x0000000008005dd8       0xa4 Drivers/STM32F1xx_HAL_Driver/Src/stm32f1xx_hal_tim.o
                0x0000000008005dd8                HAL_TIM_Base_Start_IT
 .text.HAL_TIM_IRQHandler
                0x0000000008005e7c      0x210 Drivers/STM32F1xx_HAL_Driver/Src/stm32f1xx_hal_tim.o
                0x0000000008005e7c                HAL_TIM_IRQHandler
 .text.HAL_TIM_OC_DelayElapsedCallback
                0x000000000800608c       0x12 Drivers/STM32F1xx_HAL_Driver/Src/stm32f1xx_hal_tim.o
                0x000000000800608c                HAL_TIM_OC_DelayElapsedCallback
 .text.HAL_TIM_IC_CaptureCallback
                0x000000000800609e       0x12 Drivers/STM32F1xx_HAL_Driver/Src/stm32f1xx_hal_tim.o
                0x000000000800609e                HAL_TIM_IC_CaptureCallback
 .text.HAL_TIM_PWM_PulseFinishedCallback
                0x00000000080060b0       0x12 Drivers/STM32F1xx_HAL_Driver/Src/stm32f1xx_hal_tim.o
                0x00000000080060b0                HAL_TIM_PWM_PulseFinishedCallback
 .text.HAL_TIM_TriggerCallback
                0x00000000080060c2       0x12 Drivers/STM32F1xx_HAL_Driver/Src/stm32f1xx_hal_tim.o
                0x00000000080060c2                HAL_TIM_TriggerCallback
 .text.TIM_Base_SetConfig
                0x00000000080060d4       0xc4 Drivers/STM32F1xx_HAL_Driver/Src/stm32f1xx_hal_tim.o
                0x00000000080060d4                TIM_Base_SetConfig
 .text.HAL_TIMEx_CommutCallback
                0x0000000008006198       0x12 Drivers/STM32F1xx_HAL_Driver/Src/stm32f1xx_hal_tim_ex.o
                0x0000000008006198                HAL_TIMEx_CommutCallback
 .text.HAL_TIMEx_BreakCallback
                0x00000000080061aa       0x12 Drivers/STM32F1xx_HAL_Driver/Src/stm32f1xx_hal_tim_ex.o
                0x00000000080061aa                HAL_TIMEx_BreakCallback
 .text.makeFreeRtosPriority
                0x00000000080061bc       0x2e Middlewares/Third_Party/FreeRTOS/Source/CMSIS_RTOS/cmsis_os.o
 .text.inHandlerMode
                0x00000000080061ea       0x22 Middlewares/Third_Party/FreeRTOS/Source/CMSIS_RTOS/cmsis_os.o
 .text.osKernelStart
                0x000000000800620c        0xe Middlewares/Third_Party/FreeRTOS/Source/CMSIS_RTOS/cmsis_os.o
                0x000000000800620c                osKernelStart
 .text.osThreadCreate
                0x000000000800621a       0x98 Middlewares/Third_Party/FreeRTOS/Source/CMSIS_RTOS/cmsis_os.o
                0x000000000800621a                osThreadCreate
 .text.osDelay  0x00000000080062b2       0x28 Middlewares/Third_Party/FreeRTOS/Source/CMSIS_RTOS/cmsis_os.o
                0x00000000080062b2                osDelay
 .text.osMutexCreate
                0x00000000080062da       0x30 Middlewares/Third_Party/FreeRTOS/Source/CMSIS_RTOS/cmsis_os.o
                0x00000000080062da                osMutexCreate
 *fill*         0x000000000800630a        0x2 
 .text.osMutexWait
                0x000000000800630c       0x9c Middlewares/Third_Party/FreeRTOS/Source/CMSIS_RTOS/cmsis_os.o
                0x000000000800630c                osMutexWait
 .text.osMutexRelease
                0x00000000080063a8       0x6c Middlewares/Third_Party/FreeRTOS/Source/CMSIS_RTOS/cmsis_os.o
                0x00000000080063a8                osMutexRelease
 .text.vListInitialise
                0x0000000008006414       0x3e Middlewares/Third_Party/FreeRTOS/Source/list.o
                0x0000000008006414                vListInitialise
 .text.vListInitialiseItem
                0x0000000008006452       0x18 Middlewares/Third_Party/FreeRTOS/Source/list.o
                0x0000000008006452                vListInitialiseItem
 .text.vListInsertEnd
                0x000000000800646a       0x46 Middlewares/Third_Party/FreeRTOS/Source/list.o
                0x000000000800646a                vListInsertEnd
 .text.vListInsert
                0x00000000080064b0       0x70 Middlewares/Third_Party/FreeRTOS/Source/list.o
                0x00000000080064b0                vListInsert
 .text.uxListRemove
                0x0000000008006520       0x52 Middlewares/Third_Party/FreeRTOS/Source/list.o
                0x0000000008006520                uxListRemove
 *fill*         0x0000000008006572        0x2 
 .text.xQueueGenericReset
                0x0000000008006574       0xd0 Middlewares/Third_Party/FreeRTOS/Source/queue.o
                0x0000000008006574                xQueueGenericReset
 .text.xQueueGenericCreateStatic
                0x0000000008006644       0xe4 Middlewares/Third_Party/FreeRTOS/Source/queue.o
                0x0000000008006644                xQueueGenericCreateStatic
 .text.xQueueGenericCreate
                0x0000000008006728       0x7a Middlewares/Third_Party/FreeRTOS/Source/queue.o
                0x0000000008006728                xQueueGenericCreate
 .text.prvInitialiseNewQueue
                0x00000000080067a2       0x3e Middlewares/Third_Party/FreeRTOS/Source/queue.o
 .text.prvInitialiseMutex
                0x00000000080067e0       0x34 Middlewares/Third_Party/FreeRTOS/Source/queue.o
 .text.xQueueCreateMutex
                0x0000000008006814       0x30 Middlewares/Third_Party/FreeRTOS/Source/queue.o
                0x0000000008006814                xQueueCreateMutex
 .text.xQueueCreateMutexStatic
                0x0000000008006844       0x36 Middlewares/Third_Party/FreeRTOS/Source/queue.o
                0x0000000008006844                xQueueCreateMutexStatic
 *fill*         0x000000000800687a        0x2 
 .text.xQueueGenericSend
                0x000000000800687c      0x1f4 Middlewares/Third_Party/FreeRTOS/Source/queue.o
                0x000000000800687c                xQueueGenericSend
 .text.xQueueGiveFromISR
                0x0000000008006a70      0x112 Middlewares/Third_Party/FreeRTOS/Source/queue.o
                0x0000000008006a70                xQueueGiveFromISR
 *fill*         0x0000000008006b82        0x2 
 .text.xQueueSemaphoreTake
                0x0000000008006b84      0x210 Middlewares/Third_Party/FreeRTOS/Source/queue.o
                0x0000000008006b84                xQueueSemaphoreTake
 .text.xQueueReceiveFromISR
                0x0000000008006d94       0xfa Middlewares/Third_Party/FreeRTOS/Source/queue.o
                0x0000000008006d94                xQueueReceiveFromISR
 .text.prvGetDisinheritPriorityAfterTimeout
                0x0000000008006e8e       0x2e Middlewares/Third_Party/FreeRTOS/Source/queue.o
 .text.prvCopyDataToQueue
                0x0000000008006ebc       0xd4 Middlewares/Third_Party/FreeRTOS/Source/queue.o
 .text.prvCopyDataFromQueue
                0x0000000008006f90       0x4c Middlewares/Third_Party/FreeRTOS/Source/queue.o
 .text.prvUnlockQueue
                0x0000000008006fdc       0xa4 Middlewares/Third_Party/FreeRTOS/Source/queue.o
 .text.prvIsQueueEmpty
                0x0000000008007080       0x2c Middlewares/Third_Party/FreeRTOS/Source/queue.o
 .text.prvIsQueueFull
                0x00000000080070ac       0x30 Middlewares/Third_Party/FreeRTOS/Source/queue.o
 .text.xTaskCreateStatic
                0x00000000080070dc       0xb2 Middlewares/Third_Party/FreeRTOS/Source/tasks.o
                0x00000000080070dc                xTaskCreateStatic
 .text.xTaskCreate
                0x000000000800718e       0x8a Middlewares/Third_Party/FreeRTOS/Source/tasks.o
                0x000000000800718e                xTaskCreate
 .text.prvInitialiseNewTask
                0x0000000008007218       0xfc Middlewares/Third_Party/FreeRTOS/Source/tasks.o
 .text.prvAddNewTaskToReadyList
                0x0000000008007314       0xd4 Middlewares/Third_Party/FreeRTOS/Source/tasks.o
 .text.vTaskDelay
                0x00000000080073e8       0x68 Middlewares/Third_Party/FreeRTOS/Source/tasks.o
                0x00000000080073e8                vTaskDelay
 .text.vTaskStartScheduler
                0x0000000008007450       0xbc Middlewares/Third_Party/FreeRTOS/Source/tasks.o
                0x0000000008007450                vTaskStartScheduler
 .text.vTaskSuspendAll
                0x000000000800750c       0x1c Middlewares/Third_Party/FreeRTOS/Source/tasks.o
                0x000000000800750c                vTaskSuspendAll
 .text.xTaskResumeAll
                0x0000000008007528      0x138 Middlewares/Third_Party/FreeRTOS/Source/tasks.o
                0x0000000008007528                xTaskResumeAll
 .text.xTaskIncrementTick
                0x0000000008007660      0x178 Middlewares/Third_Party/FreeRTOS/Source/tasks.o
                0x0000000008007660                xTaskIncrementTick
 .text.vTaskSwitchContext
                0x00000000080077d8       0xb4 Middlewares/Third_Party/FreeRTOS/Source/tasks.o
                0x00000000080077d8                vTaskSwitchContext
 .text.vTaskPlaceOnEventList
                0x000000000800788c       0x48 Middlewares/Third_Party/FreeRTOS/Source/tasks.o
                0x000000000800788c                vTaskPlaceOnEventList
 .text.xTaskRemoveFromEventList
                0x00000000080078d4       0xc4 Middlewares/Third_Party/FreeRTOS/Source/tasks.o
                0x00000000080078d4                xTaskRemoveFromEventList
 .text.vTaskInternalSetTimeOutState
                0x0000000008007998       0x2c Middlewares/Third_Party/FreeRTOS/Source/tasks.o
                0x0000000008007998                vTaskInternalSetTimeOutState
 .text.xTaskCheckForTimeOut
                0x00000000080079c4       0xc0 Middlewares/Third_Party/FreeRTOS/Source/tasks.o
                0x00000000080079c4                xTaskCheckForTimeOut
 .text.vTaskMissedYield
                0x0000000008007a84       0x18 Middlewares/Third_Party/FreeRTOS/Source/tasks.o
                0x0000000008007a84                vTaskMissedYield
 .text.prvIdleTask
                0x0000000008007a9c       0x30 Middlewares/Third_Party/FreeRTOS/Source/tasks.o
 .text.prvInitialiseTaskLists
                0x0000000008007acc       0x80 Middlewares/Third_Party/FreeRTOS/Source/tasks.o
 .text.prvCheckTasksWaitingTermination
                0x0000000008007b4c       0x58 Middlewares/Third_Party/FreeRTOS/Source/tasks.o
 .text.prvDeleteTCB
                0x0000000008007ba4       0x5c Middlewares/Third_Party/FreeRTOS/Source/tasks.o
 .text.prvResetNextTaskUnblockTime
                0x0000000008007c00       0x48 Middlewares/Third_Party/FreeRTOS/Source/tasks.o
 .text.xTaskGetSchedulerState
                0x0000000008007c48       0x3c Middlewares/Third_Party/FreeRTOS/Source/tasks.o
                0x0000000008007c48                xTaskGetSchedulerState
 .text.xTaskPriorityInherit
                0x0000000008007c84      0x10c Middlewares/Third_Party/FreeRTOS/Source/tasks.o
                0x0000000008007c84                xTaskPriorityInherit
 .text.xTaskPriorityDisinherit
                0x0000000008007d90      0x108 Middlewares/Third_Party/FreeRTOS/Source/tasks.o
                0x0000000008007d90                xTaskPriorityDisinherit
 .text.vTaskPriorityDisinheritAfterTimeout
                0x0000000008007e98      0x13c Middlewares/Third_Party/FreeRTOS/Source/tasks.o
                0x0000000008007e98                vTaskPriorityDisinheritAfterTimeout
 .text.pvTaskIncrementMutexHeldCount
                0x0000000008007fd4       0x28 Middlewares/Third_Party/FreeRTOS/Source/tasks.o
                0x0000000008007fd4                pvTaskIncrementMutexHeldCount
 .text.prvAddCurrentTaskToDelayedList
                0x0000000008007ffc       0xcc Middlewares/Third_Party/FreeRTOS/Source/tasks.o
 .text.pxPortInitialiseStack
                0x00000000080080c8       0x58 Middlewares/Third_Party/FreeRTOS/Source/portable/GCC/ARM_CM3/port.o
                0x00000000080080c8                pxPortInitialiseStack
 .text.prvTaskExitError
                0x0000000008008120       0x50 Middlewares/Third_Party/FreeRTOS/Source/portable/GCC/ARM_CM3/port.o
 .text.SVC_Handler
                0x0000000008008170       0x28 Middlewares/Third_Party/FreeRTOS/Source/portable/GCC/ARM_CM3/port.o
                0x0000000008008170                SVC_Handler
 .text.prvPortStartFirstTask
                0x0000000008008198       0x20 Middlewares/Third_Party/FreeRTOS/Source/portable/GCC/ARM_CM3/port.o
 .text.xPortStartScheduler
                0x00000000080081b8       0xe0 Middlewares/Third_Party/FreeRTOS/Source/portable/GCC/ARM_CM3/port.o
                0x00000000080081b8                xPortStartScheduler
 .text.vPortEnterCritical
                0x0000000008008298       0x5c Middlewares/Third_Party/FreeRTOS/Source/portable/GCC/ARM_CM3/port.o
                0x0000000008008298                vPortEnterCritical
 .text.vPortExitCritical
                0x00000000080082f4       0x4c Middlewares/Third_Party/FreeRTOS/Source/portable/GCC/ARM_CM3/port.o
                0x00000000080082f4                vPortExitCritical
 .text.PendSV_Handler
                0x0000000008008340       0x48 Middlewares/Third_Party/FreeRTOS/Source/portable/GCC/ARM_CM3/port.o
                0x0000000008008340                PendSV_Handler
 .text.SysTick_Handler
                0x0000000008008388       0x40 Middlewares/Third_Party/FreeRTOS/Source/portable/GCC/ARM_CM3/port.o
                0x0000000008008388                SysTick_Handler
 .text.vPortSetupTimerInterrupt
                0x00000000080083c8       0x44 Middlewares/Third_Party/FreeRTOS/Source/portable/GCC/ARM_CM3/port.o
                0x00000000080083c8                vPortSetupTimerInterrupt
 .text.vPortValidateInterruptPriority
                0x000000000800840c       0x78 Middlewares/Third_Party/FreeRTOS/Source/portable/GCC/ARM_CM3/port.o
                0x000000000800840c                vPortValidateInterruptPriority
 .text.pvPortMalloc
                0x0000000008008484      0x184 Middlewares/Third_Party/FreeRTOS/Source/portable/MemMang/heap_4.o
                0x0000000008008484                pvPortMalloc
 .text.vPortFree
                0x0000000008008608       0xb0 Middlewares/Third_Party/FreeRTOS/Source/portable/MemMang/heap_4.o
                0x0000000008008608                vPortFree
 .text.prvHeapInit
                0x00000000080086b8       0xc4 Middlewares/Third_Party/FreeRTOS/Source/portable/MemMang/heap_4.o
 .text.prvInsertBlockIntoFreeList
                0x000000000800877c       0xb0 Middlewares/Third_Party/FreeRTOS/Source/portable/MemMang/heap_4.o
 .text.__cxa_pure_virtual
                0x000000000800882c        0x6 /opt/st/stm32cubeide_1.4.0/plugins/com.st.stm32cube.ide.mcu.externaltools.gnu-tools-for-stm32.7-2018-q2-update.linux64_1.4.0.202007081208/tools/bin/../lib/gcc/arm-none-eabi/7.3.1/../../../../arm-none-eabi/lib/thumb/v7-m/libstdc++_nano.a(pure.o)
                0x000000000800882c                __cxa_pure_virtual
 .text._ZdlPvj  0x0000000008008832        0x4 /opt/st/stm32cubeide_1.4.0/plugins/com.st.stm32cube.ide.mcu.externaltools.gnu-tools-for-stm32.7-2018-q2-update.linux64_1.4.0.202007081208/tools/bin/../lib/gcc/arm-none-eabi/7.3.1/../../../../arm-none-eabi/lib/thumb/v7-m/libstdc++_nano.a(del_ops.o)
                0x0000000008008832                operator delete(void*, unsigned int)
 .text._Znwj    0x0000000008008836       0x22 /opt/st/stm32cubeide_1.4.0/plugins/com.st.stm32cube.ide.mcu.externaltools.gnu-tools-for-stm32.7-2018-q2-update.linux64_1.4.0.202007081208/tools/bin/../lib/gcc/arm-none-eabi/7.3.1/../../../../arm-none-eabi/lib/thumb/v7-m/libstdc++_nano.a(new_op.o)
                0x0000000008008836                operator new(unsigned int)
 .text._ZSt15get_new_handlerv
                0x0000000008008858       0x10 /opt/st/stm32cubeide_1.4.0/plugins/com.st.stm32cube.ide.mcu.externaltools.gnu-tools-for-stm32.7-2018-q2-update.linux64_1.4.0.202007081208/tools/bin/../lib/gcc/arm-none-eabi/7.3.1/../../../../arm-none-eabi/lib/thumb/v7-m/libstdc++_nano.a(new_handler.o)
                0x0000000008008858                std::get_new_handler()
 .text._ZdlPv   0x0000000008008868        0x4 /opt/st/stm32cubeide_1.4.0/plugins/com.st.stm32cube.ide.mcu.externaltools.gnu-tools-for-stm32.7-2018-q2-update.linux64_1.4.0.202007081208/tools/bin/../lib/gcc/arm-none-eabi/7.3.1/../../../../arm-none-eabi/lib/thumb/v7-m/libstdc++_nano.a(del_op.o)
                0x0000000008008868                operator delete(void*)
 .text._ZN10__cxxabiv111__terminateEPFvvE
                0x000000000800886c        0x8 /opt/st/stm32cubeide_1.4.0/plugins/com.st.stm32cube.ide.mcu.externaltools.gnu-tools-for-stm32.7-2018-q2-update.linux64_1.4.0.202007081208/tools/bin/../lib/gcc/arm-none-eabi/7.3.1/../../../../arm-none-eabi/lib/thumb/v7-m/libstdc++_nano.a(eh_terminate.o)
                0x000000000800886c                __cxxabiv1::__terminate(void (*)())
 .text._ZSt13get_terminatev
                0x0000000008008874       0x10 /opt/st/stm32cubeide_1.4.0/plugins/com.st.stm32cube.ide.mcu.externaltools.gnu-tools-for-stm32.7-2018-q2-update.linux64_1.4.0.202007081208/tools/bin/../lib/gcc/arm-none-eabi/7.3.1/../../../../arm-none-eabi/lib/thumb/v7-m/libstdc++_nano.a(eh_terminate.o)
                0x0000000008008874                std::get_terminate()
 .text._ZSt9terminatev
                0x0000000008008884        0xa /opt/st/stm32cubeide_1.4.0/plugins/com.st.stm32cube.ide.mcu.externaltools.gnu-tools-for-stm32.7-2018-q2-update.linux64_1.4.0.202007081208/tools/bin/../lib/gcc/arm-none-eabi/7.3.1/../../../../arm-none-eabi/lib/thumb/v7-m/libstdc++_nano.a(eh_terminate.o)
                0x0000000008008884                std::terminate()
 .text._ZNSaIcEC2Ev
                0x000000000800888e        0x2 /opt/st/stm32cubeide_1.4.0/plugins/com.st.stm32cube.ide.mcu.externaltools.gnu-tools-for-stm32.7-2018-q2-update.linux64_1.4.0.202007081208/tools/bin/../lib/gcc/arm-none-eabi/7.3.1/../../../../arm-none-eabi/lib/thumb/v7-m/libstdc++_nano.a(allocator-inst.o)
                0x000000000800888e                std::allocator<char>::allocator()
                0x000000000800888e                std::allocator<char>::allocator()
 .text._ZNSaIcED2Ev
                0x0000000008008890        0x2 /opt/st/stm32cubeide_1.4.0/plugins/com.st.stm32cube.ide.mcu.externaltools.gnu-tools-for-stm32.7-2018-q2-update.linux64_1.4.0.202007081208/tools/bin/../lib/gcc/arm-none-eabi/7.3.1/../../../../arm-none-eabi/lib/thumb/v7-m/libstdc++_nano.a(allocator-inst.o)
                0x0000000008008890                std::allocator<char>::~allocator()
                0x0000000008008890                std::allocator<char>::~allocator()
 .text._ZSt17__throw_bad_allocv
                0x0000000008008892        0x6 /opt/st/stm32cubeide_1.4.0/plugins/com.st.stm32cube.ide.mcu.externaltools.gnu-tools-for-stm32.7-2018-q2-update.linux64_1.4.0.202007081208/tools/bin/../lib/gcc/arm-none-eabi/7.3.1/../../../../arm-none-eabi/lib/thumb/v7-m/libstdc++_nano.a(functexcept.o)
                0x0000000008008892                std::__throw_bad_alloc()
 .text._ZSt19__throw_logic_errorPKc