gthr-default.h:229:1:int __gthread_key_delete(__gthread_key_t)	16	static
Map.h:15:13:static int Map::gridX()	4	static
Map.h:16:13:static int Map::gridY()	4	static
Display.cpp:106:1:Display::Display()	16	static
Display.cpp:111:1:Display::~Display()	16	static
Display.cpp:111:1:virtual Display::~Display()	16	static
Display.cpp:115:6:static void Display::LCD_Init()	8	static
Display.cpp:127:6:static void Display::LCD_Reset()	8	static
Display.cpp:138:6:static void Display::LCD_Set_Postion(uint8_t, uint8_t)	16	static
Display.cpp:146:6:static void Display::LCD_Clear()	16	static
Display.cpp:163:6:static void Display::LCD_Write_Char(uint8_t)	24	static
Display.cpp:175:6:static void Display::LCD_Write_String(uint8_t, uint8_t, const char*)	16	static
Display.cpp:182:6:static void Display::LCD_Write_String(uint8_t, uint8_t, std::__cxx11::string)	16	static
Display.cpp:185:6:static void Display::LCD_Write_String_Grid(uint8_t, uint8_t, std::__cxx11::string)	48	static
Display.cpp:193:6:static void Display::LCD_Write_Command(uint8_t)	16	static
Display.cpp:205:6:static void Display::LCD_Write_Data(uint8_t)	16	static
